[main fde0070] Auto-update Leagues Cup: 2026-08-07 14:00
 1 file changed, 4 insertions(+), 4 deletions(-)
To https://github.com/ElRiatu2/cable.git
   e20d76a..fde0070  main -> main
M3U (cable.m3u8) actualizada correctamente.
Guía XMLTV (guia_leaguescup.xml) generada correctamente.
¡Push realizado a GitHub con éxito!
[main adf3e50] Auto-update Leagues Cup: 2026-08-07 14:15
 1 file changed, 4 insertions(+), 4 deletions(-)
To https://github.com/ElRiatu2/cable.git
   d42351f..adf3e50  main -> main
M3U (cable.m3u8) actualizada correctamente.
Guía XMLTV (guia_leaguescup.xml) generada correctamente.
¡Push realizado a GitHub con éxito!
[main 490de7d] Auto-update Leagues Cup: 2026-08-07 14:30
 1 file changed, 4 insertions(+), 4 deletions(-)
To https://github.com/ElRiatu2/cable.git
   adf3e50..490de7d  main -> main
M3U (cable.m3u8) actualizada correctamente.
Guía XMLTV (guia_leaguescup.xml) generada correctamente.
¡Push realizado a GitHub con éxito!
[main d3283c0] Auto-update Leagues Cup: 2026-08-07 14:45
 1 file changed, 4 insertions(+), 4 deletions(-)
To https://github.com/ElRiatu2/cable.git
   490de7d..d3283c0  main -> main
M3U (cable.m3u8) actualizada correctamente.
Guía XMLTV (guia_leaguescup.xml) generada correctamente.
¡Push realizado a GitHub con éxito!
[main b9fe6da] Auto-update Leagues Cup: 2026-08-07 15:00
 1 file changed, 4 insertions(+), 4 deletions(-)
To https://github.com/ElRiatu2/cable.git
   d3283c0..b9fe6da  main -> main
M3U (cable.m3u8) actualizada correctamente.
Guía XMLTV (guia_leaguescup.xml) generada correctamente.
¡Push realizado a GitHub con éxito!
[main fb65175] Auto-update Leagues Cup: 2026-08-07 15:15
 1 file changed, 4 insertions(+), 4 deletions(-)
To https://github.com/ElRiatu2/cable.git
   b9fe6da..fb65175  main -> main
M3U (cable.m3u8) actualizada correctamente.
Guía XMLTV (guia_leaguescup.xml) generada correctamente.
¡Push realizado a GitHub con éxito!
[main 66cd53a] Auto-update Leagues Cup: 2026-08-07 15:30
 1 file changed, 4 insertions(+), 4 deletions(-)
To https://github.com/ElRiatu2/cable.git
   fb65175..66cd53a  main -> main
M3U (cable.m3u8) actualizada correctamente.
Guía XMLTV (guia_leaguescup.xml) generada correctamente.
¡Push realizado a GitHub con éxito!
[main e13353a] Auto-update Leagues Cup: 2026-08-07 15:45
 1 file changed, 4 insertions(+), 4 deletions(-)
To https://github.com/ElRiatu2/cable.git
   66cd53a..e13353a  main -> main
M3U (cable.m3u8) actualizada correctamente.
Guía XMLTV (guia_leaguescup.xml) generada correctamente.
¡Push realizado a GitHub con éxito!
[main f992702] Auto-update Leagues Cup: 2026-08-07 16:00
 1 file changed, 4 insertions(+), 4 deletions(-)
To https://github.com/ElRiatu2/cable.git
   e13353a..f992702  main -> main
M3U (cable.m3u8) actualizada correctamente.
Guía XMLTV (guia_leaguescup.xml) generada correctamente.
¡Push realizado a GitHub con éxito!
[main d844bd1] Auto-update Leagues Cup: 2026-08-07 16:15
 1 file changed, 4 insertions(+), 4 deletions(-)
To https://github.com/ElRiatu2/cable.git
   f992702..d844bd1  main -> main
M3U (cable.m3u8) actualizada correctamente.
Guía XMLTV (guia_leaguescup.xml) generada correctamente.
¡Push realizado a GitHub con éxito!
[main d4cdd06] Auto-update Leagues Cup: 2026-08-07 16:30
 1 file changed, 4 insertions(+), 4 deletions(-)
To https://github.com/ElRiatu2/cable.git
   d844bd1..d4cdd06  main -> main
M3U (cable.m3u8) actualizada correctamente.
Guía XMLTV (guia_leaguescup.xml) generada correctamente.
¡Push realizado a GitHub con éxito!
[main 25002b7] Auto-update Leagues Cup: 2026-08-07 16:45
 1 file changed, 4 insertions(+), 4 deletions(-)
To https://github.com/ElRiatu2/cable.git
   d4cdd06..25002b7  main -> main
M3U (cable.m3u8) actualizada correctamente.
Guía XMLTV (guia_leaguescup.xml) generada correctamente.
¡Push realizado a GitHub con éxito!
[main 3e4712e] Auto-update Leagues Cup: 2026-08-07 17:00
 1 file changed, 4 insertions(+), 4 deletions(-)
To https://github.com/ElRiatu2/cable.git
   25002b7..3e4712e  main -> main
M3U (cable.m3u8) actualizada correctamente.
Guía XMLTV (guia_leaguescup.xml) generada correctamente.
¡Push realizado a GitHub con éxito!
[main 8c14d84] Auto-update Leagues Cup: 2026-08-07 17:15
 1 file changed, 4 insertions(+), 14 deletions(-)
To https://github.com/ElRiatu2/cable.git
   3e4712e..8c14d84  main -> main
M3U (cable.m3u8) actualizada correctamente.
Guía XMLTV (guia_leaguescup.xml) generada correctamente.
¡Push realizado a GitHub con éxito!
[main 4794acb] Auto-update Leagues Cup: 2026-08-07 17:30
 1 file changed, 4 insertions(+), 4 deletions(-)
To https://github.com/ElRiatu2/cable.git
   8c14d84..4794acb  main -> main
M3U (cable.m3u8) actualizada correctamente.
Guía XMLTV (guia_leaguescup.xml) generada correctamente.
¡Push realizado a GitHub con éxito!
[main 6287f84] Auto-update Leagues Cup: 2026-08-07 17:45
 1 file changed, 4 insertions(+), 9 deletions(-)
To https://github.com/ElRiatu2/cable.git
   4794acb..6287f84  main -> main
M3U (cable.m3u8) actualizada correctamente.
Guía XMLTV (guia_leaguescup.xml) generada correctamente.
¡Push realizado a GitHub con éxito!
[main 1401f5c] Auto-update Leagues Cup: 2026-08-07 18:00
 1 file changed, 4 insertions(+), 4 deletions(-)
To https://github.com/ElRiatu2/cable.git
   6287f84..1401f5c  main -> main
M3U (cable.m3u8) actualizada correctamente.
Guía XMLTV (guia_leaguescup.xml) generada correctamente.
¡Push realizado a GitHub con éxito!
[main 2e706f8] Auto-update Leagues Cup: 2026-08-07 18:15
 1 file changed, 4 insertions(+), 4 deletions(-)
To https://github.com/ElRiatu2/cable.git
   1401f5c..2e706f8  main -> main
M3U (cable.m3u8) actualizada correctamente.
Guía XMLTV (guia_leaguescup.xml) generada correctamente.
¡Push realizado a GitHub con éxito!
[main 56c2f60] Auto-update Leagues Cup: 2026-08-07 18:30
 1 file changed, 4 insertions(+), 4 deletions(-)
To https://github.com/ElRiatu2/cable.git
   2e706f8..56c2f60  main -> main
M3U (cable.m3u8) actualizada correctamente.
Guía XMLTV (guia_leaguescup.xml) generada correctamente.
¡Push realizado a GitHub con éxito!
[main 9818ea6] Auto-update Leagues Cup: 2026-08-07 18:45
 1 file changed, 4 insertions(+), 9 deletions(-)
To https://github.com/ElRiatu2/cable.git
   56c2f60..9818ea6  main -> main
M3U (cable.m3u8) actualizada correctamente.
Guía XMLTV (guia_leaguescup.xml) generada correctamente.
¡Push realizado a GitHub con éxito!
[main efe056b] Auto-update Leagues Cup: 2026-08-07 19:00
 1 file changed, 4 insertions(+), 4 deletions(-)
To https://github.com/ElRiatu2/cable.git
   9818ea6..efe056b  main -> main
M3U (cable.m3u8) actualizada correctamente.
Guía XMLTV (guia_leaguescup.xml) generada correctamente.
¡Push realizado a GitHub con éxito!
[main 67ab55f] Auto-update Leagues Cup: 2026-08-07 19:15
 1 file changed, 4 insertions(+), 4 deletions(-)
To https://github.com/ElRiatu2/cable.git
   efe056b..67ab55f  main -> main
M3U (cable.m3u8) actualizada correctamente.
Guía XMLTV (guia_leaguescup.xml) generada correctamente.
¡Push realizado a GitHub con éxito!
[main b5679bf] Auto-update Leagues Cup: 2026-08-07 19:30
 1 file changed, 4 insertions(+), 4 deletions(-)
To https://github.com/ElRiatu2/cable.git
   67ab55f..b5679bf  main -> main
M3U (cable.m3u8) actualizada correctamente.
Guía XMLTV (guia_leaguescup.xml) generada correctamente.
¡Push realizado a GitHub con éxito!
[main a84f933] Auto-update Leagues Cup: 2026-08-07 19:45
 1 file changed, 4 insertions(+), 14 deletions(-)
To https://github.com/ElRiatu2/cable.git
   b5679bf..a84f933  main -> main
M3U (cable.m3u8) actualizada correctamente.
Guía XMLTV (guia_leaguescup.xml) generada correctamente.
¡Push realizado a GitHub con éxito!
[main 6f72669] Auto-update Leagues Cup: 2026-08-07 20:00
 1 file changed, 4 insertions(+), 4 deletions(-)
To https://github.com/ElRiatu2/cable.git
   a84f933..6f72669  main -> main
M3U (cable.m3u8) actualizada correctamente.
Guía XMLTV (guia_leaguescup.xml) generada correctamente.
¡Push realizado a GitHub con éxito!
[main 1cea003] Auto-update Leagues Cup: 2026-08-07 20:15
 1 file changed, 4 insertions(+), 14 deletions(-)
To https://github.com/ElRiatu2/cable.git
   6f72669..1cea003  main -> main
M3U (cable.m3u8) actualizada correctamente.
Guía XMLTV (guia_leaguescup.xml) generada correctamente.
¡Push realizado a GitHub con éxito!
[main d4df948] Auto-update Leagues Cup: 2026-08-07 20:30
 2 files changed, 5 insertions(+), 5 deletions(-)
To https://github.com/ElRiatu2/cable.git
   1cea003..d4df948  main -> main
M3U (cable.m3u8) actualizada correctamente.
Guía XMLTV (guia_leaguescup.xml) generada correctamente.
¡Push realizado a GitHub con éxito!
[main 33002af] Auto-update Leagues Cup: 2026-08-07 20:45
 1 file changed, 4 insertions(+), 4 deletions(-)
To https://github.com/ElRiatu2/cable.git
   d4df948..33002af  main -> main
M3U (cable.m3u8) actualizada correctamente.
Guía XMLTV (guia_leaguescup.xml) generada correctamente.
¡Push realizado a GitHub con éxito!
[main 4ccb50a] Auto-update Leagues Cup: 2026-08-07 21:00
 1 file changed, 4 insertions(+), 4 deletions(-)
To https://github.com/ElRiatu2/cable.git
   33002af..4ccb50a  main -> main
M3U (cable.m3u8) actualizada correctamente.
Guía XMLTV (guia_leaguescup.xml) generada correctamente.
¡Push realizado a GitHub con éxito!
[main c70e40f] Auto-update Leagues Cup: 2026-08-07 21:15
 1 file changed, 4 insertions(+), 9 deletions(-)
To https://github.com/ElRiatu2/cable.git
   4ccb50a..c70e40f  main -> main
M3U (cable.m3u8) actualizada correctamente.
Guía XMLTV (guia_leaguescup.xml) generada correctamente.
¡Push realizado a GitHub con éxito!
[main 9a3e3dc] Auto-update Leagues Cup: 2026-08-07 21:30
 1 file changed, 4 insertions(+), 4 deletions(-)
To https://github.com/ElRiatu2/cable.git
   c70e40f..9a3e3dc  main -> main
M3U (cable.m3u8) actualizada correctamente.
Guía XMLTV (guia_leaguescup.xml) generada correctamente.
¡Push realizado a GitHub con éxito!
[main e4355b7] Auto-update Leagues Cup: 2026-08-07 21:45
 1 file changed, 4 insertions(+), 4 deletions(-)
To https://github.com/ElRiatu2/cable.git
   9a3e3dc..e4355b7  main -> main
M3U (cable.m3u8) actualizada correctamente.
Guía XMLTV (guia_leaguescup.xml) generada correctamente.
¡Push realizado a GitHub con éxito!
[main 28dd46e] Auto-update Leagues Cup: 2026-08-07 22:00
 1 file changed, 4 insertions(+), 4 deletions(-)
To https://github.com/ElRiatu2/cable.git
   e4355b7..28dd46e  main -> main
M3U (cable.m3u8) actualizada correctamente.
Guía XMLTV (guia_leaguescup.xml) generada correctamente.
¡Push realizado a GitHub con éxito!
[main 9cd8513] Auto-update Leagues Cup: 2026-08-07 22:15
 1 file changed, 4 insertions(+), 4 deletions(-)
To https://github.com/ElRiatu2/cable.git
   28dd46e..9cd8513  main -> main
M3U (cable.m3u8) actualizada correctamente.
Guía XMLTV (guia_leaguescup.xml) generada correctamente.
¡Push realizado a GitHub con éxito!
[main 91edad9] Auto-update Leagues Cup: 2026-08-07 22:30
 1 file changed, 4 insertions(+), 4 deletions(-)
To https://github.com/ElRiatu2/cable.git
   9cd8513..91edad9  main -> main
M3U (cable.m3u8) actualizada correctamente.
Guía XMLTV (guia_leaguescup.xml) generada correctamente.
¡Push realizado a GitHub con éxito!
[main e453a07] Auto-update Leagues Cup: 2026-08-07 22:45
 2 files changed, 8 insertions(+), 13 deletions(-)
To https://github.com/ElRiatu2/cable.git
   91edad9..e453a07  main -> main
M3U (cable.m3u8) actualizada correctamente.
Guía XMLTV (guia_leaguescup.xml) generada correctamente.
¡Push realizado a GitHub con éxito!
[main 4914bf9] Auto-update Leagues Cup: 2026-08-07 23:00
 1 file changed, 4 insertions(+), 4 deletions(-)
To https://github.com/ElRiatu2/cable.git
   e453a07..4914bf9  main -> main
M3U (cable.m3u8) actualizada correctamente.
Guía XMLTV (guia_leaguescup.xml) generada correctamente.
¡Push realizado a GitHub con éxito!
[main 385e098] Auto-update Leagues Cup: 2026-08-07 23:15
 2 files changed, 6 insertions(+), 6 deletions(-)
To https://github.com/ElRiatu2/cable.git
   4914bf9..385e098  main -> main
M3U (cable.m3u8) actualizada correctamente.
Guía XMLTV (guia_leaguescup.xml) generada correctamente.
¡Push realizado a GitHub con éxito!
[main 0851751] Auto-update Leagues Cup: 2026-08-07 23:30
 1 file changed, 4 insertions(+), 4 deletions(-)
To https://github.com/ElRiatu2/cable.git
   385e098..0851751  main -> main
M3U (cable.m3u8) actualizada correctamente.
Guía XMLTV (guia_leaguescup.xml) generada correctamente.
¡Push realizado a GitHub con éxito!
[main 8710cd8] Auto-update Leagues Cup: 2026-08-07 23:45
 1 file changed, 4 insertions(+), 4 deletions(-)
To https://github.com/ElRiatu2/cable.git
   0851751..8710cd8  main -> main
M3U (cable.m3u8) actualizada correctamente.
Guía XMLTV (guia_leaguescup.xml) generada correctamente.
¡Push realizado a GitHub con éxito!
[main d8a9a37] Auto-update Leagues Cup: 2026-08-08 00:00
 1 file changed, 4 insertions(+), 4 deletions(-)
To https://github.com/ElRiatu2/cable.git
   8710cd8..d8a9a37  main -> main
M3U (cable.m3u8) actualizada correctamente.
Guía XMLTV (guia_leaguescup.xml) generada correctamente.
¡Push realizado a GitHub con éxito!
[main 355ed0a] Auto-update Leagues Cup: 2026-08-08 00:15
 2 files changed, 6 insertions(+), 6 deletions(-)
To https://github.com/ElRiatu2/cable.git
   d8a9a37..355ed0a  main -> main
M3U (cable.m3u8) actualizada correctamente.
Guía XMLTV (guia_leaguescup.xml) generada correctamente.
¡Push realizado a GitHub con éxito!
[main f1630a7] Auto-update Leagues Cup: 2026-08-08 00:30
 1 file changed, 4 insertions(+), 4 deletions(-)
To https://github.com/ElRiatu2/cable.git
   355ed0a..f1630a7  main -> main
M3U (cable.m3u8) actualizada correctamente.
Guía XMLTV (guia_leaguescup.xml) generada correctamente.
¡Push realizado a GitHub con éxito!
[main ea761d3] Auto-update Leagues Cup: 2026-08-08 00:45
 1 file changed, 4 insertions(+), 4 deletions(-)
To https://github.com/ElRiatu2/cable.git
   f1630a7..ea761d3  main -> main
M3U (cable.m3u8) actualizada correctamente.
Guía XMLTV (guia_leaguescup.xml) generada correctamente.
¡Push realizado a GitHub con éxito!
[main 24e9db8] Auto-update Leagues Cup: 2026-08-08 01:00
 1 file changed, 4 insertions(+), 4 deletions(-)
To https://github.com/ElRiatu2/cable.git
   ea761d3..24e9db8  main -> main
M3U (cable.m3u8) actualizada correctamente.
Guía XMLTV (guia_leaguescup.xml) generada correctamente.
¡Push realizado a GitHub con éxito!
[main e70eaca] Auto-update Leagues Cup: 2026-08-08 01:15
 1 file changed, 4 insertions(+), 4 deletions(-)
To https://github.com/ElRiatu2/cable.git
   24e9db8..e70eaca  main -> main
M3U (cable.m3u8) actualizada correctamente.
Guía XMLTV (guia_leaguescup.xml) generada correctamente.
¡Push realizado a GitHub con éxito!
[main 8ea2264] Auto-update Leagues Cup: 2026-08-08 01:30
 1 file changed, 4 insertions(+), 4 deletions(-)
To https://github.com/ElRiatu2/cable.git
   e70eaca..8ea2264  main -> main
M3U (cable.m3u8) actualizada correctamente.
Guía XMLTV (guia_leaguescup.xml) generada correctamente.
¡Push realizado a GitHub con éxito!
[main 777e0eb] Auto-update Leagues Cup: 2026-08-08 01:45
 2 files changed, 5 insertions(+), 5 deletions(-)
To https://github.com/ElRiatu2/cable.git
   8ea2264..777e0eb  main -> main
M3U (cable.m3u8) actualizada correctamente.
Guía XMLTV (guia_leaguescup.xml) generada correctamente.
¡Push realizado a GitHub con éxito!
[main 646e5a3] Auto-update Leagues Cup: 2026-08-08 02:00
 1 file changed, 4 insertions(+), 4 deletions(-)
To https://github.com/ElRiatu2/cable.git
   777e0eb..646e5a3  main -> main
M3U (cable.m3u8) actualizada correctamente.
Guía XMLTV (guia_leaguescup.xml) generada correctamente.
¡Push realizado a GitHub con éxito!
[main 7202d53] Auto-update Leagues Cup: 2026-08-08 02:15
 1 file changed, 4 insertions(+), 4 deletions(-)
To https://github.com/ElRiatu2/cable.git
   646e5a3..7202d53  main -> main
M3U (cable.m3u8) actualizada correctamente.
Guía XMLTV (guia_leaguescup.xml) generada correctamente.
¡Push realizado a GitHub con éxito!
[main 2ec777c] Auto-update Leagues Cup: 2026-08-08 02:30
 1 file changed, 4 insertions(+), 4 deletions(-)
To https://github.com/ElRiatu2/cable.git
   7202d53..2ec777c  main -> main
M3U (cable.m3u8) actualizada correctamente.
Guía XMLTV (guia_leaguescup.xml) generada correctamente.
¡Push realizado a GitHub con éxito!
[main 16af2b5] Auto-update Leagues Cup: 2026-08-08 02:45
 1 file changed, 4 insertions(+), 4 deletions(-)
To https://github.com/ElRiatu2/cable.git
   2ec777c..16af2b5  main -> main
M3U (cable.m3u8) actualizada correctamente.
Guía XMLTV (guia_leaguescup.xml) generada correctamente.
¡Push realizado a GitHub con éxito!
[main 18d3c8e] Auto-update Leagues Cup: 2026-08-08 03:00
 1 file changed, 4 insertions(+), 4 deletions(-)
To https://github.com/ElRiatu2/cable.git
   16af2b5..18d3c8e  main -> main
M3U (cable.m3u8) actualizada correctamente.
Guía XMLTV (guia_leaguescup.xml) generada correctamente.
¡Push realizado a GitHub con éxito!
[main 62183e5] Auto-update Leagues Cup: 2026-08-08 03:15
 1 file changed, 4 insertions(+), 4 deletions(-)
To https://github.com/ElRiatu2/cable.git
   18d3c8e..62183e5  main -> main
M3U (cable.m3u8) actualizada correctamente.
Guía XMLTV (guia_leaguescup.xml) generada correctamente.
¡Push realizado a GitHub con éxito!
[main 48741d9] Auto-update Leagues Cup: 2026-08-08 03:30
 1 file changed, 4 insertions(+), 4 deletions(-)
To https://github.com/ElRiatu2/cable.git
   62183e5..48741d9  main -> main
M3U (cable.m3u8) actualizada correctamente.
Guía XMLTV (guia_leaguescup.xml) generada correctamente.
¡Push realizado a GitHub con éxito!
[main 9996076] Auto-update Leagues Cup: 2026-08-08 03:45
 1 file changed, 4 insertions(+), 4 deletions(-)
To https://github.com/ElRiatu2/cable.git
   48741d9..9996076  main -> main
M3U (cable.m3u8) actualizada correctamente.
Guía XMLTV (guia_leaguescup.xml) generada correctamente.
¡Push realizado a GitHub con éxito!
[main d5e7b4e] Auto-update Leagues Cup: 2026-08-08 04:00
 1 file changed, 4 insertions(+), 4 deletions(-)
To https://github.com/ElRiatu2/cable.git
   9996076..d5e7b4e  main -> main
M3U (cable.m3u8) actualizada correctamente.
Guía XMLTV (guia_leaguescup.xml) generada correctamente.
¡Push realizado a GitHub con éxito!
[main c30a134] Auto-update Leagues Cup: 2026-08-08 04:15
 1 file changed, 4 insertions(+), 4 deletions(-)
To https://github.com/ElRiatu2/cable.git
   d5e7b4e..c30a134  main -> main
M3U (cable.m3u8) actualizada correctamente.
Guía XMLTV (guia_leaguescup.xml) generada correctamente.
¡Push realizado a GitHub con éxito!
[main 342dbff] Auto-update Leagues Cup: 2026-08-08 04:30
 1 file changed, 4 insertions(+), 4 deletions(-)
To https://github.com/ElRiatu2/cable.git
   c30a134..342dbff  main -> main
M3U (cable.m3u8) actualizada correctamente.
Guía XMLTV (guia_leaguescup.xml) generada correctamente.
¡Push realizado a GitHub con éxito!
[main f33cd7b] Auto-update Leagues Cup: 2026-08-08 04:45
 1 file changed, 4 insertions(+), 4 deletions(-)
To https://github.com/ElRiatu2/cable.git
   342dbff..f33cd7b  main -> main
M3U (cable.m3u8) actualizada correctamente.
Guía XMLTV (guia_leaguescup.xml) generada correctamente.
¡Push realizado a GitHub con éxito!
[main d42353f] Auto-update Leagues Cup: 2026-08-08 05:00
 1 file changed, 4 insertions(+), 4 deletions(-)
To https://github.com/ElRiatu2/cable.git
   f33cd7b..d42353f  main -> main
M3U (cable.m3u8) actualizada correctamente.
Guía XMLTV (guia_leaguescup.xml) generada correctamente.
¡Push realizado a GitHub con éxito!
[main 4c344c7] Auto-update Leagues Cup: 2026-08-08 05:15
 1 file changed, 4 insertions(+), 4 deletions(-)
To https://github.com/ElRiatu2/cable.git
   d42353f..4c344c7  main -> main
M3U (cable.m3u8) actualizada correctamente.
Guía XMLTV (guia_leaguescup.xml) generada correctamente.
¡Push realizado a GitHub con éxito!
[main bd1b5e7] Auto-update Leagues Cup: 2026-08-08 05:30
 1 file changed, 4 insertions(+), 4 deletions(-)
To https://github.com/ElRiatu2/cable.git
   4c344c7..bd1b5e7  main -> main
M3U (cable.m3u8) actualizada correctamente.
Guía XMLTV (guia_leaguescup.xml) generada correctamente.
¡Push realizado a GitHub con éxito!
[main 0cdbbfe] Auto-update Leagues Cup: 2026-08-08 05:45
 1 file changed, 4 insertions(+), 4 deletions(-)
To https://github.com/ElRiatu2/cable.git
   bd1b5e7..0cdbbfe  main -> main
M3U (cable.m3u8) actualizada correctamente.
Guía XMLTV (guia_leaguescup.xml) generada correctamente.
¡Push realizado a GitHub con éxito!
[main 03c7a24] Auto-update Leagues Cup: 2026-08-08 06:00
 1 file changed, 4 insertions(+), 4 deletions(-)
To https://github.com/ElRiatu2/cable.git
   0cdbbfe..03c7a24  main -> main
M3U (cable.m3u8) actualizada correctamente.
Guía XMLTV (guia_leaguescup.xml) generada correctamente.
¡Push realizado a GitHub con éxito!
[main 301c5ff] Auto-update Leagues Cup: 2026-08-08 06:15
 1 file changed, 4 insertions(+), 4 deletions(-)
To https://github.com/ElRiatu2/cable.git
   03c7a24..301c5ff  main -> main
M3U (cable.m3u8) actualizada correctamente.
Guía XMLTV (guia_leaguescup.xml) generada correctamente.
¡Push realizado a GitHub con éxito!
[main f240374] Auto-update Leagues Cup: 2026-08-08 06:30
 1 file changed, 4 insertions(+), 4 deletions(-)
To https://github.com/ElRiatu2/cable.git
   301c5ff..f240374  main -> main
M3U (cable.m3u8) actualizada correctamente.
Guía XMLTV (guia_leaguescup.xml) generada correctamente.
¡Push realizado a GitHub con éxito!
[main f5d462f] Auto-update Leagues Cup: 2026-08-08 06:45
 1 file changed, 4 insertions(+), 4 deletions(-)
To https://github.com/ElRiatu2/cable.git
   f240374..f5d462f  main -> main
M3U (cable.m3u8) actualizada correctamente.
Guía XMLTV (guia_leaguescup.xml) generada correctamente.
¡Push realizado a GitHub con éxito!
[main 072601f] Auto-update Leagues Cup: 2026-08-08 07:00
 1 file changed, 4 insertions(+), 4 deletions(-)
To https://github.com/ElRiatu2/cable.git
   f5d462f..072601f  main -> main
M3U (cable.m3u8) actualizada correctamente.
Guía XMLTV (guia_leaguescup.xml) generada correctamente.
¡Push realizado a GitHub con éxito!
[main e9e5905] Auto-update Leagues Cup: 2026-08-08 07:15
 1 file changed, 4 insertions(+), 4 deletions(-)
To https://github.com/ElRiatu2/cable.git
   072601f..e9e5905  main -> main
M3U (cable.m3u8) actualizada correctamente.
Guía XMLTV (guia_leaguescup.xml) generada correctamente.
¡Push realizado a GitHub con éxito!
[main 1b2b136] Auto-update Leagues Cup: 2026-08-08 07:30
 1 file changed, 4 insertions(+), 4 deletions(-)
To https://github.com/ElRiatu2/cable.git
   e9e5905..1b2b136  main -> main
M3U (cable.m3u8) actualizada correctamente.
Guía XMLTV (guia_leaguescup.xml) generada correctamente.
¡Push realizado a GitHub con éxito!
[main 5362f70] Auto-update Leagues Cup: 2026-08-08 07:45
 1 file changed, 4 insertions(+), 4 deletions(-)
To https://github.com/ElRiatu2/cable.git
   1b2b136..5362f70  main -> main
M3U (cable.m3u8) actualizada correctamente.
Guía XMLTV (guia_leaguescup.xml) generada correctamente.
¡Push realizado a GitHub con éxito!
[main 74900d4] Auto-update Leagues Cup: 2026-08-08 08:00
 1 file changed, 4 insertions(+), 4 deletions(-)
To https://github.com/ElRiatu2/cable.git
   5362f70..74900d4  main -> main
M3U (cable.m3u8) actualizada correctamente.
Guía XMLTV (guia_leaguescup.xml) generada correctamente.
¡Push realizado a GitHub con éxito!
[main 2d54556] Auto-update Leagues Cup: 2026-08-08 08:15
 1 file changed, 4 insertions(+), 4 deletions(-)
To https://github.com/ElRiatu2/cable.git
   74900d4..2d54556  main -> main
M3U (cable.m3u8) actualizada correctamente.
Guía XMLTV (guia_leaguescup.xml) generada correctamente.
¡Push realizado a GitHub con éxito!
[main 66a514a] Auto-update Leagues Cup: 2026-08-08 08:30
 1 file changed, 4 insertions(+), 4 deletions(-)
To https://github.com/ElRiatu2/cable.git
   2d54556..66a514a  main -> main
M3U (cable.m3u8) actualizada correctamente.
Guía XMLTV (guia_leaguescup.xml) generada correctamente.
¡Push realizado a GitHub con éxito!
[main c029607] Auto-update Leagues Cup: 2026-08-08 08:45
 1 file changed, 4 insertions(+), 4 deletions(-)
To https://github.com/ElRiatu2/cable.git
   66a514a..c029607  main -> main
M3U (cable.m3u8) actualizada correctamente.
Guía XMLTV (guia_leaguescup.xml) generada correctamente.
¡Push realizado a GitHub con éxito!
[main f4969db] Auto-update Leagues Cup: 2026-08-08 09:00
 1 file changed, 4 insertions(+), 4 deletions(-)
To https://github.com/ElRiatu2/cable.git
   174b32e..f4969db  main -> main
Guía XMLTV (guia_leaguescup.xml) generada correctamente.
M3U (cable.m3u8) actualizada correctamente.
¡Push realizado a GitHub con éxito!
[main dd76243] Auto-update Leagues Cup: 2026-08-08 09:15
 1 file changed, 4 insertions(+), 4 deletions(-)
To https://github.com/ElRiatu2/cable.git
   3901c34..dd76243  main -> main
[Xtream] Se encontraron 9 streams específicos de Leagues Cup.
Guía XMLTV (guia_leaguescup.xml) generada correctamente.
M3U (cable.m3u8) actualizada correctamente.
¡Push realizado a GitHub con éxito!
[main 05d010d] Auto-update Leagues Cup: 2026-08-08 09:30
 1 file changed, 7 insertions(+), 7 deletions(-)
To https://github.com/ElRiatu2/cable.git
   db6c6b2..05d010d  main -> main
[Xtream] Se encontraron 9 streams específicos de Leagues Cup.
Guía XMLTV (guia_leaguescup.xml) generada correctamente.
M3U (cable.m3u8) actualizada correctamente sin duplicados.
¡Push realizado a GitHub con éxito!
[Jellyfin] Solicitando refresco de canales y guía TV...
En la rama main
Tu rama está actualizada con 'origin/main'.

Archivos sin seguimiento:
  (usa "git add <archivo>..." para incluirlo a lo que será confirmado)
	actualizar_leaguescup.py
	cron.log
	cron_ligamx.log

no hay nada agregado al commit pero hay archivos sin seguimiento presentes (usa "git add" para hacerles seguimiento)
Guía XMLTV (guia_leaguescup.xml) generada correctamente.
Error Git: Command '['git', 'commit', '-m', 'Auto-update Leagues Cup: 2026-08-08 09:45']' returned non-zero exit status 1.
Guía XMLTV (guia_leaguescup.xml) generada correctamente.
[Jellyfin] Esperando 5 segundos...
[Jellyfin] Solicitando refresco de canales y guía TV...
[main d030903] Auto-update Leagues Cup: 2026-08-08 10:15
 1 file changed, 3 insertions(+)
To https://github.com/ElRiatu2/jellyfin-ligamx.git
   404e130..d030903  main -> main
Guía XMLTV (guia_leaguescup.xml) generada correctamente.
¡Push realizado a GitHub con éxito!
[Jellyfin] Esperando 5 segundos...
[Jellyfin] Solicitando refresco de canales y guía TV...
[main fea9f76] Auto-update Leagues Cup: 2026-08-08 10:30
 1 file changed, 8 insertions(+)
To https://github.com/ElRiatu2/jellyfin-ligamx.git
   d030903..fea9f76  main -> main
Guía XMLTV (guia_leaguescup.xml) generada correctamente.
¡Push realizado a GitHub con éxito!
[Jellyfin] Esperando 5 segundos...
[Jellyfin] Solicitando refresco de canales y guía TV...
[main 67adc69] Auto-update Leagues Cup: 2026-08-08 10:45
 1 file changed, 8 insertions(+)
To https://github.com/ElRiatu2/jellyfin-ligamx.git
   fea9f76..67adc69  main -> main
Guía XMLTV (guia_leaguescup.xml) generada correctamente.
¡Push realizado a GitHub con éxito!
[Jellyfin] Esperando 5 segundos...
[Jellyfin] Solicitando refresco de canales y guía TV...
[main 549c9f9] Auto-update Leagues Cup: 2026-08-08 11:00
 1 file changed, 8 insertions(+)
To https://github.com/ElRiatu2/jellyfin-ligamx.git
   67adc69..549c9f9  main -> main
Guía XMLTV (guia_leaguescup.xml) generada correctamente.
¡Push realizado a GitHub con éxito!
[Jellyfin] Esperando 5 segundos...
[Jellyfin] Solicitando refresco de canales y guía TV...
[main b3259da] Auto-update Leagues Cup: 2026-08-08 11:15
 1 file changed, 8 insertions(+)
To https://github.com/ElRiatu2/jellyfin-ligamx.git
   549c9f9..b3259da  main -> main
Guía XMLTV (guia_leaguescup.xml) generada correctamente.
¡Push realizado a GitHub con éxito!
[Jellyfin] Esperando 5 segundos...
[Jellyfin] Solicitando refresco de canales y guía TV...
[main 312d3cd] Auto-update Leagues Cup: 2026-08-08 11:30
 1 file changed, 8 insertions(+)
To https://github.com/ElRiatu2/jellyfin-ligamx.git
   b3259da..312d3cd  main -> main
Guía XMLTV (guia_leaguescup.xml) generada correctamente.
¡Push realizado a GitHub con éxito!
[Jellyfin] Esperando 5 segundos...
[Jellyfin] Solicitando refresco de canales y guía TV...
[main f033454] Auto-update Leagues Cup: 2026-08-08 11:45
 1 file changed, 8 insertions(+)
To https://github.com/ElRiatu2/jellyfin-ligamx.git
   312d3cd..f033454  main -> main
Guía XMLTV (guia_leaguescup.xml) generada correctamente.
¡Push realizado a GitHub con éxito!
[Jellyfin] Esperando 5 segundos...
[Jellyfin] Solicitando refresco de canales y guía TV...
[main 8875623] Auto-update Leagues Cup: 2026-08-08 12:00
 1 file changed, 8 insertions(+)
To https://github.com/ElRiatu2/jellyfin-ligamx.git
   f033454..8875623  main -> main
Guía XMLTV (guia_leaguescup.xml) generada correctamente.
¡Push realizado a GitHub con éxito!
[Jellyfin] Esperando 5 segundos...
[Jellyfin] Solicitando refresco de canales y guía TV...
[main 9c9af1d] Auto-update Leagues Cup: 2026-08-08 12:15
 1 file changed, 8 insertions(+)
To https://github.com/ElRiatu2/jellyfin-ligamx.git
   8875623..9c9af1d  main -> main
Guía XMLTV (guia_leaguescup.xml) generada correctamente.
¡Push realizado a GitHub con éxito!
[Jellyfin] Esperando 5 segundos...
[Jellyfin] Solicitando refresco de canales y guía TV...
[main 9145be0] Auto-update Leagues Cup: 2026-08-08 12:30
 1 file changed, 8 insertions(+)
To https://github.com/ElRiatu2/jellyfin-ligamx.git
   9c9af1d..9145be0  main -> main
Guía XMLTV (guia_leaguescup.xml) generada correctamente.
¡Push realizado a GitHub con éxito!
[Jellyfin] Esperando 5 segundos...
[Jellyfin] Solicitando refresco de canales y guía TV...
[main 02e257c] Auto-update Leagues Cup: 2026-08-08 12:45
 1 file changed, 8 insertions(+)
To https://github.com/ElRiatu2/jellyfin-ligamx.git
   9145be0..02e257c  main -> main
Guía XMLTV (guia_leaguescup.xml) generada correctamente.
¡Push realizado a GitHub con éxito!
[Jellyfin] Esperando 5 segundos...
[Jellyfin] Solicitando refresco de canales y guía TV...
[main cdf57ec] Auto-update Leagues Cup: 2026-08-08 13:00
 1 file changed, 8 insertions(+)
To https://github.com/ElRiatu2/jellyfin-ligamx.git
   02e257c..cdf57ec  main -> main
Guía XMLTV (guia_leaguescup.xml) generada correctamente.
¡Push realizado a GitHub con éxito!
[Jellyfin] Esperando 5 segundos...
[Jellyfin] Solicitando refresco de canales y guía TV...
[main 2908fcc] Auto-update Leagues Cup: 2026-08-08 13:15
 1 file changed, 8 insertions(+)
To https://github.com/ElRiatu2/jellyfin-ligamx.git
   cdf57ec..2908fcc  main -> main
Guía XMLTV (guia_leaguescup.xml) generada correctamente.
¡Push realizado a GitHub con éxito!
[Jellyfin] Esperando 5 segundos...
[Jellyfin] Solicitando refresco de canales y guía TV...
[main 1dff994] Auto-update Leagues Cup: 2026-08-08 13:30
 1 file changed, 8 insertions(+)
To https://github.com/ElRiatu2/jellyfin-ligamx.git
   2908fcc..1dff994  main -> main
Guía XMLTV (guia_leaguescup.xml) generada correctamente.
¡Push realizado a GitHub con éxito!
[Jellyfin] Esperando 5 segundos...
[Jellyfin] Solicitando refresco de canales y guía TV...
[main d5c4a53] Auto-update Leagues Cup: 2026-08-08 13:45
 1 file changed, 8 insertions(+)
To https://github.com/ElRiatu2/jellyfin-ligamx.git
   1dff994..d5c4a53  main -> main
Guía XMLTV (guia_leaguescup.xml) generada correctamente.
¡Push realizado a GitHub con éxito!
[Jellyfin] Esperando 5 segundos...
[Jellyfin] Solicitando refresco de canales y guía TV...
[main 421d8b7] Auto-update Leagues Cup: 2026-08-08 14:00
 1 file changed, 8 insertions(+)
To https://github.com/ElRiatu2/jellyfin-ligamx.git
   d5c4a53..421d8b7  main -> main
Guía XMLTV (guia_leaguescup.xml) generada correctamente.
¡Push realizado a GitHub con éxito!
[Jellyfin] Esperando 5 segundos...
[Jellyfin] Solicitando refresco de canales y guía TV...
[main 6da3014] Auto-update Leagues Cup: 2026-08-08 14:15
 1 file changed, 8 insertions(+)
To https://github.com/ElRiatu2/jellyfin-ligamx.git
   421d8b7..6da3014  main -> main
Guía XMLTV (guia_leaguescup.xml) generada correctamente.
¡Push realizado a GitHub con éxito!
[Jellyfin] Esperando 5 segundos...
[Jellyfin] Solicitando refresco de canales y guía TV...
[main e22b139] Auto-update Leagues Cup: 2026-08-08 14:30
 1 file changed, 8 insertions(+)
To https://github.com/ElRiatu2/jellyfin-ligamx.git
   6da3014..e22b139  main -> main
Guía XMLTV (guia_leaguescup.xml) generada correctamente.
¡Push realizado a GitHub con éxito!
[Jellyfin] Esperando 5 segundos...
[Jellyfin] Solicitando refresco de canales y guía TV...
[main 824691c] Auto-update Leagues Cup: 2026-08-08 14:45
 1 file changed, 8 insertions(+)
To https://github.com/ElRiatu2/jellyfin-ligamx.git
   e22b139..824691c  main -> main
Guía XMLTV (guia_leaguescup.xml) generada correctamente.
¡Push realizado a GitHub con éxito!
[Jellyfin] Esperando 5 segundos...
[Jellyfin] Solicitando refresco de canales y guía TV...
[main 1d77ca8] Auto-update Leagues Cup: 2026-08-08 15:00
 1 file changed, 8 insertions(+)
To https://github.com/ElRiatu2/jellyfin-ligamx.git
   824691c..1d77ca8  main -> main
Guía XMLTV (guia_leaguescup.xml) generada correctamente.
¡Push realizado a GitHub con éxito!
[Jellyfin] Esperando 5 segundos...
[Jellyfin] Solicitando refresco de canales y guía TV...
[main 3bf64b0] Auto-update Leagues Cup: 2026-08-08 15:15
 1 file changed, 8 insertions(+)
To https://github.com/ElRiatu2/jellyfin-ligamx.git
   1d77ca8..3bf64b0  main -> main
Guía XMLTV (guia_leaguescup.xml) generada correctamente.
¡Push realizado a GitHub con éxito!
[Jellyfin] Esperando 5 segundos...
[Jellyfin] Solicitando refresco de canales y guía TV...
[main 2bc05b0] Auto-update Leagues Cup: 2026-08-08 15:30
 1 file changed, 8 insertions(+)
To https://github.com/ElRiatu2/jellyfin-ligamx.git
   3bf64b0..2bc05b0  main -> main
Guía XMLTV (guia_leaguescup.xml) generada correctamente.
¡Push realizado a GitHub con éxito!
[Jellyfin] Esperando 5 segundos...
[Jellyfin] Solicitando refresco de canales y guía TV...
[main c8453c8] Auto-update Leagues Cup: 2026-08-08 15:45
 1 file changed, 8 insertions(+)
To https://github.com/ElRiatu2/jellyfin-ligamx.git
   2bc05b0..c8453c8  main -> main
Guía XMLTV (guia_leaguescup.xml) generada correctamente.
¡Push realizado a GitHub con éxito!
[Jellyfin] Esperando 5 segundos...
[Jellyfin] Solicitando refresco de canales y guía TV...
[main ddc558f] Auto-update Leagues Cup: 2026-08-08 16:00
 1 file changed, 8 insertions(+)
To https://github.com/ElRiatu2/jellyfin-ligamx.git
   c8453c8..ddc558f  main -> main
Guía XMLTV (guia_leaguescup.xml) generada correctamente.
¡Push realizado a GitHub con éxito!
[Jellyfin] Esperando 5 segundos...
[Jellyfin] Solicitando refresco de canales y guía TV...
[main 0eecaaf] Auto-update Leagues Cup: 2026-08-08 16:15
 1 file changed, 8 insertions(+)
To https://github.com/ElRiatu2/jellyfin-ligamx.git
   ddc558f..0eecaaf  main -> main
Guía XMLTV (guia_leaguescup.xml) generada correctamente.
¡Push realizado a GitHub con éxito!
[Jellyfin] Esperando 5 segundos...
[Jellyfin] Solicitando refresco de canales y guía TV...
[main 1064c66] Auto-update Leagues Cup: 2026-08-08 16:30
 1 file changed, 8 insertions(+)
To https://github.com/ElRiatu2/jellyfin-ligamx.git
   0eecaaf..1064c66  main -> main
Guía XMLTV (guia_leaguescup.xml) generada correctamente.
¡Push realizado a GitHub con éxito!
[Jellyfin] Esperando 5 segundos...
[Jellyfin] Solicitando refresco de canales y guía TV...
[main 3dfc2c7] Auto-update Leagues Cup: 2026-08-08 16:45
 1 file changed, 8 insertions(+)
To https://github.com/ElRiatu2/jellyfin-ligamx.git
   1064c66..3dfc2c7  main -> main
Guía XMLTV (guia_leaguescup.xml) generada correctamente.
¡Push realizado a GitHub con éxito!
[Jellyfin] Esperando 5 segundos...
[Jellyfin] Solicitando refresco de canales y guía TV...
[main 4d08982] Auto-update Leagues Cup: 2026-08-08 17:00
 1 file changed, 8 insertions(+)
To https://github.com/ElRiatu2/jellyfin-ligamx.git
   3dfc2c7..4d08982  main -> main
Guía XMLTV (guia_leaguescup.xml) generada correctamente.
¡Push realizado a GitHub con éxito!
[Jellyfin] Esperando 5 segundos...
[Jellyfin] Solicitando refresco de canales y guía TV...
[main 11ec9a3] Auto-update Leagues Cup: 2026-08-08 17:15
 1 file changed, 8 insertions(+)
To https://github.com/ElRiatu2/jellyfin-ligamx.git
   4d08982..11ec9a3  main -> main
Guía XMLTV (guia_leaguescup.xml) generada correctamente.
¡Push realizado a GitHub con éxito!
[Jellyfin] Esperando 5 segundos...
[Jellyfin] Solicitando refresco de canales y guía TV...
[main ca77634] Auto-update Leagues Cup: 2026-08-08 17:30
 1 file changed, 8 insertions(+)
To https://github.com/ElRiatu2/jellyfin-ligamx.git
   11ec9a3..ca77634  main -> main
Guía XMLTV (guia_leaguescup.xml) generada correctamente.
¡Push realizado a GitHub con éxito!
[Jellyfin] Esperando 5 segundos...
[Jellyfin] Solicitando refresco de canales y guía TV...
[main ae50128] Auto-update Leagues Cup: 2026-08-08 17:45
 1 file changed, 8 insertions(+)
To https://github.com/ElRiatu2/jellyfin-ligamx.git
   ca77634..ae50128  main -> main
Guía XMLTV (guia_leaguescup.xml) generada correctamente.
¡Push realizado a GitHub con éxito!
[Jellyfin] Esperando 5 segundos...
[Jellyfin] Solicitando refresco de canales y guía TV...
[main 411374a] Auto-update Leagues Cup: 2026-08-08 18:00
 2 files changed, 26 insertions(+), 8 deletions(-)
To https://github.com/ElRiatu2/jellyfin-ligamx.git
   ae50128..411374a  main -> main
Guía XMLTV (guia_leaguescup.xml) generada correctamente.
¡Push realizado a GitHub con éxito!
[Jellyfin] Esperando 5 segundos...
[Jellyfin] Solicitando refresco de canales y guía TV...
[main 5b0a344] Auto-update Leagues Cup: 2026-08-08 18:15
 1 file changed, 8 insertions(+)
To https://github.com/ElRiatu2/jellyfin-ligamx.git
   411374a..5b0a344  main -> main
Guía XMLTV (guia_leaguescup.xml) generada correctamente.
¡Push realizado a GitHub con éxito!
[Jellyfin] Esperando 5 segundos...
[Jellyfin] Solicitando refresco de canales y guía TV...
[main 794c024] Auto-update Leagues Cup: 2026-08-08 18:30
 1 file changed, 8 insertions(+)
To https://github.com/ElRiatu2/jellyfin-ligamx.git
   5b0a344..794c024  main -> main
Guía XMLTV (guia_leaguescup.xml) generada correctamente.
¡Push realizado a GitHub con éxito!
[Jellyfin] Esperando 5 segundos...
[Jellyfin] Solicitando refresco de canales y guía TV...
[main 27b523a] Auto-update Leagues Cup: 2026-08-08 18:45
 1 file changed, 8 insertions(+)
To https://github.com/ElRiatu2/jellyfin-ligamx.git
   794c024..27b523a  main -> main
Guía XMLTV (guia_leaguescup.xml) generada correctamente.
¡Push realizado a GitHub con éxito!
[Jellyfin] Esperando 5 segundos...
[Jellyfin] Solicitando refresco de canales y guía TV...
[main 8d15037] Auto-update Leagues Cup: 2026-08-08 19:00
 1 file changed, 8 insertions(+)
To https://github.com/ElRiatu2/jellyfin-ligamx.git
   27b523a..8d15037  main -> main
Guía XMLTV (guia_leaguescup.xml) generada correctamente.
¡Push realizado a GitHub con éxito!
[Jellyfin] Esperando 5 segundos...
[Jellyfin] Solicitando refresco de canales y guía TV...
[main b40d8d2] Auto-update Leagues Cup: 2026-08-08 19:15
 1 file changed, 8 insertions(+)
To https://github.com/ElRiatu2/jellyfin-ligamx.git
   8d15037..b40d8d2  main -> main
Guía XMLTV (guia_leaguescup.xml) generada correctamente.
¡Push realizado a GitHub con éxito!
[Jellyfin] Esperando 5 segundos...
[Jellyfin] Solicitando refresco de canales y guía TV...
[main f8c4aa6] Auto-update Leagues Cup: 2026-08-08 19:30
 1 file changed, 8 insertions(+)
To https://github.com/ElRiatu2/jellyfin-ligamx.git
   b40d8d2..f8c4aa6  main -> main
Guía XMLTV (guia_leaguescup.xml) generada correctamente.
¡Push realizado a GitHub con éxito!
[Jellyfin] Esperando 5 segundos...
[Jellyfin] Solicitando refresco de canales y guía TV...
[main d9cf761] Auto-update Leagues Cup: 2026-08-08 19:45
 1 file changed, 8 insertions(+)
To https://github.com/ElRiatu2/jellyfin-ligamx.git
   f8c4aa6..d9cf761  main -> main
Guía XMLTV (guia_leaguescup.xml) generada correctamente.
¡Push realizado a GitHub con éxito!
[Jellyfin] Esperando 5 segundos...
[Jellyfin] Solicitando refresco de canales y guía TV...
[main 5f945f3] Auto-update Leagues Cup: 2026-08-08 20:00
 1 file changed, 8 insertions(+)
To https://github.com/ElRiatu2/jellyfin-ligamx.git
   d9cf761..5f945f3  main -> main
Guía XMLTV (guia_leaguescup.xml) generada correctamente.
¡Push realizado a GitHub con éxito!
[Jellyfin] Esperando 5 segundos...
[Jellyfin] Solicitando refresco de canales y guía TV...
[main 3f6022c] Auto-update Leagues Cup: 2026-08-08 20:15
 1 file changed, 8 insertions(+)
To https://github.com/ElRiatu2/jellyfin-ligamx.git
   5f945f3..3f6022c  main -> main
Guía XMLTV (guia_leaguescup.xml) generada correctamente.
¡Push realizado a GitHub con éxito!
[Jellyfin] Esperando 5 segundos...
[Jellyfin] Solicitando refresco de canales y guía TV...
[main 8371a15] Auto-update Leagues Cup: 2026-08-08 20:30
 1 file changed, 8 insertions(+)
To https://github.com/ElRiatu2/jellyfin-ligamx.git
   3f6022c..8371a15  main -> main
Guía XMLTV (guia_leaguescup.xml) generada correctamente.
¡Push realizado a GitHub con éxito!
[Jellyfin] Esperando 5 segundos...
[Jellyfin] Solicitando refresco de canales y guía TV...
[main c5157c8] Auto-update Leagues Cup: 2026-08-08 20:45
 1 file changed, 8 insertions(+)
To https://github.com/ElRiatu2/jellyfin-ligamx.git
   8371a15..c5157c8  main -> main
Guía XMLTV (guia_leaguescup.xml) generada correctamente.
¡Push realizado a GitHub con éxito!
[Jellyfin] Esperando 5 segundos...
[Jellyfin] Solicitando refresco de canales y guía TV...
[main e0206eb] Auto-update Leagues Cup: 2026-08-08 21:00
 1 file changed, 8 insertions(+)
To https://github.com/ElRiatu2/jellyfin-ligamx.git
   c5157c8..e0206eb  main -> main
Guía XMLTV (guia_leaguescup.xml) generada correctamente.
¡Push realizado a GitHub con éxito!
[Jellyfin] Esperando 5 segundos...
[Jellyfin] Solicitando refresco de canales y guía TV...
[main aa3838c] Auto-update Leagues Cup: 2026-08-08 21:15
 1 file changed, 8 insertions(+)
To https://github.com/ElRiatu2/jellyfin-ligamx.git
   e0206eb..aa3838c  main -> main
Guía XMLTV (guia_leaguescup.xml) generada correctamente.
¡Push realizado a GitHub con éxito!
[Jellyfin] Esperando 5 segundos...
[Jellyfin] Solicitando refresco de canales y guía TV...
[main 1626991] Auto-update Leagues Cup: 2026-08-08 21:30
 1 file changed, 8 insertions(+)
To https://github.com/ElRiatu2/jellyfin-ligamx.git
   aa3838c..1626991  main -> main
Guía XMLTV (guia_leaguescup.xml) generada correctamente.
¡Push realizado a GitHub con éxito!
[Jellyfin] Esperando 5 segundos...
[Jellyfin] Solicitando refresco de canales y guía TV...
[main c0611a6] Auto-update Leagues Cup: 2026-08-08 21:45
 1 file changed, 8 insertions(+)
To https://github.com/ElRiatu2/jellyfin-ligamx.git
   1626991..c0611a6  main -> main
Guía XMLTV (guia_leaguescup.xml) generada correctamente.
¡Push realizado a GitHub con éxito!
[Jellyfin] Esperando 5 segundos...
[Jellyfin] Solicitando refresco de canales y guía TV...
[main a173b26] Auto-update Leagues Cup: 2026-08-08 22:00
 1 file changed, 8 insertions(+)
To https://github.com/ElRiatu2/jellyfin-ligamx.git
   c0611a6..a173b26  main -> main
Guía XMLTV (guia_leaguescup.xml) generada correctamente.
¡Push realizado a GitHub con éxito!
[Jellyfin] Esperando 5 segundos...
[Jellyfin] Solicitando refresco de canales y guía TV...
[main 44e3186] Auto-update Leagues Cup: 2026-08-08 22:15
 1 file changed, 8 insertions(+)
To https://github.com/ElRiatu2/jellyfin-ligamx.git
   a173b26..44e3186  main -> main
Guía XMLTV (guia_leaguescup.xml) generada correctamente.
¡Push realizado a GitHub con éxito!
[Jellyfin] Esperando 5 segundos...
[Jellyfin] Solicitando refresco de canales y guía TV...
[main 8a3532e] Auto-update Leagues Cup: 2026-08-08 22:30
 1 file changed, 8 insertions(+)
To https://github.com/ElRiatu2/jellyfin-ligamx.git
   44e3186..8a3532e  main -> main
Guía XMLTV (guia_leaguescup.xml) generada correctamente.
¡Push realizado a GitHub con éxito!
[Jellyfin] Esperando 5 segundos...
[Jellyfin] Solicitando refresco de canales y guía TV...
[main 99f53b9] Auto-update Leagues Cup: 2026-08-08 22:45
 1 file changed, 8 insertions(+)
To https://github.com/ElRiatu2/jellyfin-ligamx.git
   8a3532e..99f53b9  main -> main
Guía XMLTV (guia_leaguescup.xml) generada correctamente.
¡Push realizado a GitHub con éxito!
[Jellyfin] Esperando 5 segundos...
[Jellyfin] Solicitando refresco de canales y guía TV...
[main 9b55316] Auto-update Leagues Cup: 2026-08-08 23:00
 1 file changed, 8 insertions(+)
To https://github.com/ElRiatu2/jellyfin-ligamx.git
   99f53b9..9b55316  main -> main
Guía XMLTV (guia_leaguescup.xml) generada correctamente.
¡Push realizado a GitHub con éxito!
[Jellyfin] Esperando 5 segundos...
[Jellyfin] Solicitando refresco de canales y guía TV...
[main d3d909d] Auto-update Leagues Cup: 2026-08-08 23:15
 1 file changed, 8 insertions(+)
To https://github.com/ElRiatu2/jellyfin-ligamx.git
   9b55316..d3d909d  main -> main
Guía XMLTV (guia_leaguescup.xml) generada correctamente.
¡Push realizado a GitHub con éxito!
[Jellyfin] Esperando 5 segundos...
[Jellyfin] Solicitando refresco de canales y guía TV...
[main 00f7558] Auto-update Leagues Cup: 2026-08-08 23:30
 1 file changed, 8 insertions(+)
To https://github.com/ElRiatu2/jellyfin-ligamx.git
   d3d909d..00f7558  main -> main
Guía XMLTV (guia_leaguescup.xml) generada correctamente.
¡Push realizado a GitHub con éxito!
[Jellyfin] Esperando 5 segundos...
[Jellyfin] Solicitando refresco de canales y guía TV...
[main e1769cb] Auto-update Leagues Cup: 2026-08-08 23:45
 1 file changed, 8 insertions(+)
To https://github.com/ElRiatu2/jellyfin-ligamx.git
   00f7558..e1769cb  main -> main
Guía XMLTV (guia_leaguescup.xml) generada correctamente.
¡Push realizado a GitHub con éxito!
[Jellyfin] Esperando 5 segundos...
[Jellyfin] Solicitando refresco de canales y guía TV...
[main 4f8411b] Auto-update Leagues Cup: 2026-08-09 00:00
 3 files changed, 14 insertions(+), 46 deletions(-)
To https://github.com/ElRiatu2/jellyfin-ligamx.git
   e1769cb..4f8411b  main -> main
Guía XMLTV (guia_leaguescup.xml) generada correctamente.
¡Push realizado a GitHub con éxito!
[Jellyfin] Esperando 5 segundos...
[Jellyfin] Solicitando refresco de canales y guía TV...
[main c69e61a] Auto-update Leagues Cup: 2026-08-09 00:15
 1 file changed, 8 insertions(+)
To https://github.com/ElRiatu2/jellyfin-ligamx.git
   4f8411b..c69e61a  main -> main
Guía XMLTV (guia_leaguescup.xml) generada correctamente.
¡Push realizado a GitHub con éxito!
[Jellyfin] Esperando 5 segundos...
[Jellyfin] Solicitando refresco de canales y guía TV...
[main 466c468] Auto-update Leagues Cup: 2026-08-09 00:30
 1 file changed, 8 insertions(+)
To https://github.com/ElRiatu2/jellyfin-ligamx.git
   c69e61a..466c468  main -> main
Guía XMLTV (guia_leaguescup.xml) generada correctamente.
¡Push realizado a GitHub con éxito!
[Jellyfin] Esperando 5 segundos...
[Jellyfin] Solicitando refresco de canales y guía TV...
[main 9671b3d] Auto-update Leagues Cup: 2026-08-09 00:45
 1 file changed, 8 insertions(+)
To https://github.com/ElRiatu2/jellyfin-ligamx.git
   466c468..9671b3d  main -> main
Guía XMLTV (guia_leaguescup.xml) generada correctamente.
¡Push realizado a GitHub con éxito!
[Jellyfin] Esperando 5 segundos...
[Jellyfin] Solicitando refresco de canales y guía TV...
[main 01b6903] Auto-update Leagues Cup: 2026-08-09 01:00
 1 file changed, 8 insertions(+)
To https://github.com/ElRiatu2/jellyfin-ligamx.git
   9671b3d..01b6903  main -> main
Guía XMLTV (guia_leaguescup.xml) generada correctamente.
¡Push realizado a GitHub con éxito!
[Jellyfin] Esperando 5 segundos...
[Jellyfin] Solicitando refresco de canales y guía TV...
[main b0d781c] Auto-update Leagues Cup: 2026-08-09 01:15
 1 file changed, 8 insertions(+)
To https://github.com/ElRiatu2/jellyfin-ligamx.git
   01b6903..b0d781c  main -> main
Guía XMLTV (guia_leaguescup.xml) generada correctamente.
¡Push realizado a GitHub con éxito!
[Jellyfin] Esperando 5 segundos...
[Jellyfin] Solicitando refresco de canales y guía TV...
[main b5c5c89] Auto-update Leagues Cup: 2026-08-09 01:30
 1 file changed, 8 insertions(+)
To https://github.com/ElRiatu2/jellyfin-ligamx.git
   b0d781c..b5c5c89  main -> main
Guía XMLTV (guia_leaguescup.xml) generada correctamente.
¡Push realizado a GitHub con éxito!
[Jellyfin] Esperando 5 segundos...
[Jellyfin] Solicitando refresco de canales y guía TV...
[main 9b9b307] Auto-update Leagues Cup: 2026-08-09 01:45
 1 file changed, 8 insertions(+)
To https://github.com/ElRiatu2/jellyfin-ligamx.git
   b5c5c89..9b9b307  main -> main
Guía XMLTV (guia_leaguescup.xml) generada correctamente.
¡Push realizado a GitHub con éxito!
[Jellyfin] Esperando 5 segundos...
[Jellyfin] Solicitando refresco de canales y guía TV...
[main a6d3904] Auto-update Leagues Cup: 2026-08-09 02:00
 1 file changed, 8 insertions(+)
To https://github.com/ElRiatu2/jellyfin-ligamx.git
   9b9b307..a6d3904  main -> main
Guía XMLTV (guia_leaguescup.xml) generada correctamente.
¡Push realizado a GitHub con éxito!
[Jellyfin] Esperando 5 segundos...
[Jellyfin] Solicitando refresco de canales y guía TV...
[main 6ed2af8] Auto-update Leagues Cup: 2026-08-09 02:15
 1 file changed, 8 insertions(+)
To https://github.com/ElRiatu2/jellyfin-ligamx.git
   a6d3904..6ed2af8  main -> main
Guía XMLTV (guia_leaguescup.xml) generada correctamente.
¡Push realizado a GitHub con éxito!
[Jellyfin] Esperando 5 segundos...
[Jellyfin] Solicitando refresco de canales y guía TV...
[main 79fe009] Auto-update Leagues Cup: 2026-08-09 02:30
 1 file changed, 8 insertions(+)
To https://github.com/ElRiatu2/jellyfin-ligamx.git
   6ed2af8..79fe009  main -> main
Guía XMLTV (guia_leaguescup.xml) generada correctamente.
¡Push realizado a GitHub con éxito!
[Jellyfin] Esperando 5 segundos...
[Jellyfin] Solicitando refresco de canales y guía TV...
[main efe39de] Auto-update Leagues Cup: 2026-08-09 02:45
 1 file changed, 8 insertions(+)
To https://github.com/ElRiatu2/jellyfin-ligamx.git
   79fe009..efe39de  main -> main
Guía XMLTV (guia_leaguescup.xml) generada correctamente.
¡Push realizado a GitHub con éxito!
[Jellyfin] Esperando 5 segundos...
[Jellyfin] Solicitando refresco de canales y guía TV...
[main 0c97fda] Auto-update Leagues Cup: 2026-08-09 03:00
 2 files changed, 9 insertions(+)
To https://github.com/ElRiatu2/jellyfin-ligamx.git
   efe39de..0c97fda  main -> main
Guía XMLTV (guia_leaguescup.xml) generada correctamente.
¡Push realizado a GitHub con éxito!
[Jellyfin] Esperando 5 segundos...
[Jellyfin] Solicitando refresco de canales y guía TV...
[main 321d8a0] Auto-update Leagues Cup: 2026-08-09 03:15
 1 file changed, 8 insertions(+)
To https://github.com/ElRiatu2/jellyfin-ligamx.git
   0c97fda..321d8a0  main -> main
Guía XMLTV (guia_leaguescup.xml) generada correctamente.
¡Push realizado a GitHub con éxito!
[Jellyfin] Esperando 5 segundos...
[Jellyfin] Solicitando refresco de canales y guía TV...
[main 436be33] Auto-update Leagues Cup: 2026-08-09 03:30
 1 file changed, 8 insertions(+)
To https://github.com/ElRiatu2/jellyfin-ligamx.git
   321d8a0..436be33  main -> main
Guía XMLTV (guia_leaguescup.xml) generada correctamente.
¡Push realizado a GitHub con éxito!
[Jellyfin] Esperando 5 segundos...
[Jellyfin] Solicitando refresco de canales y guía TV...
[main a9ce148] Auto-update Leagues Cup: 2026-08-09 03:45
 1 file changed, 8 insertions(+)
To https://github.com/ElRiatu2/jellyfin-ligamx.git
   436be33..a9ce148  main -> main
Guía XMLTV (guia_leaguescup.xml) generada correctamente.
¡Push realizado a GitHub con éxito!
[Jellyfin] Esperando 5 segundos...
[Jellyfin] Solicitando refresco de canales y guía TV...
[main 01651fa] Auto-update Leagues Cup: 2026-08-09 04:00
 1 file changed, 8 insertions(+)
To https://github.com/ElRiatu2/jellyfin-ligamx.git
   a9ce148..01651fa  main -> main
Guía XMLTV (guia_leaguescup.xml) generada correctamente.
¡Push realizado a GitHub con éxito!
[Jellyfin] Esperando 5 segundos...
[Jellyfin] Solicitando refresco de canales y guía TV...
[main 025cc2c] Auto-update Leagues Cup: 2026-08-09 04:15
 1 file changed, 8 insertions(+)
To https://github.com/ElRiatu2/jellyfin-ligamx.git
   01651fa..025cc2c  main -> main
Guía XMLTV (guia_leaguescup.xml) generada correctamente.
¡Push realizado a GitHub con éxito!
[Jellyfin] Esperando 5 segundos...
[Jellyfin] Solicitando refresco de canales y guía TV...
[main 189a8ff] Auto-update Leagues Cup: 2026-08-09 04:30
 1 file changed, 8 insertions(+)
To https://github.com/ElRiatu2/jellyfin-ligamx.git
   025cc2c..189a8ff  main -> main
Guía XMLTV (guia_leaguescup.xml) generada correctamente.
¡Push realizado a GitHub con éxito!
[Jellyfin] Esperando 5 segundos...
[Jellyfin] Solicitando refresco de canales y guía TV...
[main 97e8c35] Auto-update Leagues Cup: 2026-08-09 04:45
 1 file changed, 8 insertions(+)
To https://github.com/ElRiatu2/jellyfin-ligamx.git
   189a8ff..97e8c35  main -> main
Guía XMLTV (guia_leaguescup.xml) generada correctamente.
¡Push realizado a GitHub con éxito!
[Jellyfin] Esperando 5 segundos...
[Jellyfin] Solicitando refresco de canales y guía TV...
[main b48215e] Auto-update Leagues Cup: 2026-08-09 05:00
 1 file changed, 8 insertions(+)
To https://github.com/ElRiatu2/jellyfin-ligamx.git
   97e8c35..b48215e  main -> main
Guía XMLTV (guia_leaguescup.xml) generada correctamente.
¡Push realizado a GitHub con éxito!
[Jellyfin] Esperando 5 segundos...
[Jellyfin] Solicitando refresco de canales y guía TV...
[main 7622a3e] Auto-update Leagues Cup: 2026-08-09 05:15
 1 file changed, 8 insertions(+)
To https://github.com/ElRiatu2/jellyfin-ligamx.git
   b48215e..7622a3e  main -> main
Guía XMLTV (guia_leaguescup.xml) generada correctamente.
¡Push realizado a GitHub con éxito!
[Jellyfin] Esperando 5 segundos...
[Jellyfin] Solicitando refresco de canales y guía TV...
[main 19d7d6d] Auto-update Leagues Cup: 2026-08-09 05:30
 1 file changed, 8 insertions(+)
To https://github.com/ElRiatu2/jellyfin-ligamx.git
   7622a3e..19d7d6d  main -> main
Guía XMLTV (guia_leaguescup.xml) generada correctamente.
¡Push realizado a GitHub con éxito!
[Jellyfin] Esperando 5 segundos...
[Jellyfin] Solicitando refresco de canales y guía TV...
[main 5955f91] Auto-update Leagues Cup: 2026-08-09 05:45
 1 file changed, 8 insertions(+)
To https://github.com/ElRiatu2/jellyfin-ligamx.git
   19d7d6d..5955f91  main -> main
Guía XMLTV (guia_leaguescup.xml) generada correctamente.
¡Push realizado a GitHub con éxito!
[Jellyfin] Esperando 5 segundos...
[Jellyfin] Solicitando refresco de canales y guía TV...
[main 212c921] Auto-update Leagues Cup: 2026-08-09 06:00
 1 file changed, 8 insertions(+)
To https://github.com/ElRiatu2/jellyfin-ligamx.git
   5955f91..212c921  main -> main
Guía XMLTV (guia_leaguescup.xml) generada correctamente.
¡Push realizado a GitHub con éxito!
[Jellyfin] Esperando 5 segundos...
[Jellyfin] Solicitando refresco de canales y guía TV...
[main 2f13608] Auto-update Leagues Cup: 2026-08-09 06:15
 1 file changed, 8 insertions(+)
To https://github.com/ElRiatu2/jellyfin-ligamx.git
   212c921..2f13608  main -> main
Guía XMLTV (guia_leaguescup.xml) generada correctamente.
¡Push realizado a GitHub con éxito!
[Jellyfin] Esperando 5 segundos...
[Jellyfin] Solicitando refresco de canales y guía TV...
[main 61d3dcd] Auto-update Leagues Cup: 2026-08-09 06:30
 1 file changed, 8 insertions(+)
To https://github.com/ElRiatu2/jellyfin-ligamx.git
   2f13608..61d3dcd  main -> main
Guía XMLTV (guia_leaguescup.xml) generada correctamente.
¡Push realizado a GitHub con éxito!
[Jellyfin] Esperando 5 segundos...
[Jellyfin] Solicitando refresco de canales y guía TV...
[main 9931679] Auto-update Leagues Cup: 2026-08-09 06:45
 1 file changed, 8 insertions(+)
To https://github.com/ElRiatu2/jellyfin-ligamx.git
   61d3dcd..9931679  main -> main
Guía XMLTV (guia_leaguescup.xml) generada correctamente.
¡Push realizado a GitHub con éxito!
[Jellyfin] Esperando 5 segundos...
[Jellyfin] Solicitando refresco de canales y guía TV...
[main 9f320a1] Auto-update Leagues Cup: 2026-08-09 07:00
 1 file changed, 8 insertions(+)
To https://github.com/ElRiatu2/jellyfin-ligamx.git
   9931679..9f320a1  main -> main
Guía XMLTV (guia_leaguescup.xml) generada correctamente.
¡Push realizado a GitHub con éxito!
[Jellyfin] Esperando 5 segundos...
[Jellyfin] Solicitando refresco de canales y guía TV...
[main 13fd605] Auto-update Leagues Cup: 2026-08-09 07:15
 2 files changed, 12 insertions(+), 4 deletions(-)
To https://github.com/ElRiatu2/jellyfin-ligamx.git
   9f320a1..13fd605  main -> main
Guía XMLTV (guia_leaguescup.xml) generada correctamente.
¡Push realizado a GitHub con éxito!
[Jellyfin] Esperando 5 segundos...
[Jellyfin] Solicitando refresco de canales y guía TV...
[main ead9d80] Auto-update Leagues Cup: 2026-08-09 07:30
 1 file changed, 8 insertions(+)
To https://github.com/ElRiatu2/jellyfin-ligamx.git
   13fd605..ead9d80  main -> main
Guía XMLTV (guia_leaguescup.xml) generada correctamente.
¡Push realizado a GitHub con éxito!
[Jellyfin] Esperando 5 segundos...
[Jellyfin] Solicitando refresco de canales y guía TV...
[main 1a3b3a3] Auto-update Leagues Cup: 2026-08-09 07:45
 1 file changed, 8 insertions(+)
To https://github.com/ElRiatu2/jellyfin-ligamx.git
   ead9d80..1a3b3a3  main -> main
Guía XMLTV (guia_leaguescup.xml) generada correctamente.
¡Push realizado a GitHub con éxito!
[Jellyfin] Esperando 5 segundos...
[Jellyfin] Solicitando refresco de canales y guía TV...
[main 37f6e2d] Auto-update Leagues Cup: 2026-08-09 08:00
 1 file changed, 8 insertions(+)
To https://github.com/ElRiatu2/jellyfin-ligamx.git
   1a3b3a3..37f6e2d  main -> main
Guía XMLTV (guia_leaguescup.xml) generada correctamente.
¡Push realizado a GitHub con éxito!
[Jellyfin] Esperando 5 segundos...
[Jellyfin] Solicitando refresco de canales y guía TV...
[main e24cd81] Auto-update Leagues Cup: 2026-08-09 08:15
 1 file changed, 8 insertions(+)
To https://github.com/ElRiatu2/jellyfin-ligamx.git
   37f6e2d..e24cd81  main -> main
Guía XMLTV (guia_leaguescup.xml) generada correctamente.
¡Push realizado a GitHub con éxito!
[Jellyfin] Esperando 5 segundos...
[Jellyfin] Solicitando refresco de canales y guía TV...
[main a8973ca] Auto-update Leagues Cup: 2026-08-09 08:30
 1 file changed, 8 insertions(+)
To https://github.com/ElRiatu2/jellyfin-ligamx.git
   e24cd81..a8973ca  main -> main
Guía XMLTV (guia_leaguescup.xml) generada correctamente.
¡Push realizado a GitHub con éxito!
[Jellyfin] Esperando 5 segundos...
[Jellyfin] Solicitando refresco de canales y guía TV...
[main 31bc339] Auto-update Leagues Cup: 2026-08-09 08:45
 1 file changed, 8 insertions(+)
To https://github.com/ElRiatu2/jellyfin-ligamx.git
   a8973ca..31bc339  main -> main
Guía XMLTV (guia_leaguescup.xml) generada correctamente.
¡Push realizado a GitHub con éxito!
[Jellyfin] Esperando 5 segundos...
[Jellyfin] Solicitando refresco de canales y guía TV...
[main 2f578ef] Auto-update Leagues Cup: 2026-08-09 09:00
 1 file changed, 8 insertions(+)
To https://github.com/ElRiatu2/jellyfin-ligamx.git
   31bc339..2f578ef  main -> main
Guía XMLTV (guia_leaguescup.xml) generada correctamente.
¡Push realizado a GitHub con éxito!
[Jellyfin] Esperando 5 segundos...
[Jellyfin] Solicitando refresco de canales y guía TV...
[main 662442a] Auto-update Leagues Cup: 2026-08-09 09:15
 1 file changed, 8 insertions(+)
To https://github.com/ElRiatu2/jellyfin-ligamx.git
   2f578ef..662442a  main -> main
Guía XMLTV (guia_leaguescup.xml) generada correctamente.
¡Push realizado a GitHub con éxito!
[Jellyfin] Esperando 5 segundos...
[Jellyfin] Solicitando refresco de canales y guía TV...
[main ac4d033] Auto-update Leagues Cup: 2026-08-09 09:30
 1 file changed, 8 insertions(+)
To https://github.com/ElRiatu2/jellyfin-ligamx.git
   662442a..ac4d033  main -> main
Guía XMLTV (guia_leaguescup.xml) generada correctamente.
¡Push realizado a GitHub con éxito!
[Jellyfin] Esperando 5 segundos...
[Jellyfin] Solicitando refresco de canales y guía TV...
[main b506117] Auto-update Leagues Cup: 2026-08-09 09:45
 1 file changed, 8 insertions(+)
To https://github.com/ElRiatu2/jellyfin-ligamx.git
   ac4d033..b506117  main -> main
Guía XMLTV (guia_leaguescup.xml) generada correctamente.
¡Push realizado a GitHub con éxito!
[Jellyfin] Esperando 5 segundos...
[Jellyfin] Solicitando refresco de canales y guía TV...
[main 5c1c4ce] Auto-update Leagues Cup: 2026-08-09 10:00
 1 file changed, 8 insertions(+)
To https://github.com/ElRiatu2/jellyfin-ligamx.git
   b506117..5c1c4ce  main -> main
Guía XMLTV (guia_leaguescup.xml) generada correctamente.
¡Push realizado a GitHub con éxito!
[Jellyfin] Esperando 5 segundos...
[Jellyfin] Solicitando refresco de canales y guía TV...
[main a674693] Auto-update Leagues Cup: 2026-08-09 10:15
 1 file changed, 8 insertions(+)
To https://github.com/ElRiatu2/jellyfin-ligamx.git
   5c1c4ce..a674693  main -> main
Guía XMLTV (guia_leaguescup.xml) generada correctamente.
¡Push realizado a GitHub con éxito!
[Jellyfin] Esperando 5 segundos...
[Jellyfin] Solicitando refresco de canales y guía TV...
[main 8ae5cc2] Auto-update Leagues Cup: 2026-08-09 10:30
 1 file changed, 8 insertions(+)
To https://github.com/ElRiatu2/jellyfin-ligamx.git
   a674693..8ae5cc2  main -> main
Guía XMLTV (guia_leaguescup.xml) generada correctamente.
¡Push realizado a GitHub con éxito!
[Jellyfin] Esperando 5 segundos...
[Jellyfin] Solicitando refresco de canales y guía TV...
[main 037a483] Auto-update Leagues Cup: 2026-08-09 10:45
 1 file changed, 8 insertions(+)
To https://github.com/ElRiatu2/jellyfin-ligamx.git
   8ae5cc2..037a483  main -> main
Guía XMLTV (guia_leaguescup.xml) generada correctamente.
¡Push realizado a GitHub con éxito!
[Jellyfin] Esperando 5 segundos...
[Jellyfin] Solicitando refresco de canales y guía TV...
[main e1a18ef] Auto-update Leagues Cup: 2026-08-09 11:00
 1 file changed, 8 insertions(+)
To https://github.com/ElRiatu2/jellyfin-ligamx.git
   037a483..e1a18ef  main -> main
Guía XMLTV (guia_leaguescup.xml) generada correctamente.
¡Push realizado a GitHub con éxito!
[Jellyfin] Esperando 5 segundos...
[Jellyfin] Solicitando refresco de canales y guía TV...
[main 947f496] Auto-update Leagues Cup: 2026-08-09 11:15
 1 file changed, 8 insertions(+)
To https://github.com/ElRiatu2/jellyfin-ligamx.git
   e1a18ef..947f496  main -> main
Guía XMLTV (guia_leaguescup.xml) generada correctamente.
¡Push realizado a GitHub con éxito!
[Jellyfin] Esperando 5 segundos...
[Jellyfin] Solicitando refresco de canales y guía TV...
[main 64bab37] Auto-update Leagues Cup: 2026-08-09 11:30
 1 file changed, 8 insertions(+)
To https://github.com/ElRiatu2/jellyfin-ligamx.git
   947f496..64bab37  main -> main
Guía XMLTV (guia_leaguescup.xml) generada correctamente.
¡Push realizado a GitHub con éxito!
[Jellyfin] Esperando 5 segundos...
[Jellyfin] Solicitando refresco de canales y guía TV...
[main 2be40d7] Auto-update Leagues Cup: 2026-08-09 11:45
 1 file changed, 8 insertions(+)
To https://github.com/ElRiatu2/jellyfin-ligamx.git
   64bab37..2be40d7  main -> main
Guía XMLTV (guia_leaguescup.xml) generada correctamente.
¡Push realizado a GitHub con éxito!
[Jellyfin] Esperando 5 segundos...
[Jellyfin] Solicitando refresco de canales y guía TV...
[main d0c54d9] Auto-update Leagues Cup: 2026-08-09 12:00
 1 file changed, 8 insertions(+)
To https://github.com/ElRiatu2/jellyfin-ligamx.git
   2be40d7..d0c54d9  main -> main
Guía XMLTV (guia_leaguescup.xml) generada correctamente.
¡Push realizado a GitHub con éxito!
[Jellyfin] Esperando 5 segundos...
[Jellyfin] Solicitando refresco de canales y guía TV...
[main 6dae318] Auto-update Leagues Cup: 2026-08-09 12:15
 1 file changed, 8 insertions(+)
To https://github.com/ElRiatu2/jellyfin-ligamx.git
   d0c54d9..6dae318  main -> main
Guía XMLTV (guia_leaguescup.xml) generada correctamente.
¡Push realizado a GitHub con éxito!
[Jellyfin] Esperando 5 segundos...
[Jellyfin] Solicitando refresco de canales y guía TV...
[main ce0c127] Auto-update Leagues Cup: 2026-08-09 12:30
 1 file changed, 8 insertions(+)
To https://github.com/ElRiatu2/jellyfin-ligamx.git
   6dae318..ce0c127  main -> main
Guía XMLTV (guia_leaguescup.xml) generada correctamente.
¡Push realizado a GitHub con éxito!
[Jellyfin] Esperando 5 segundos...
[Jellyfin] Solicitando refresco de canales y guía TV...
[main 735f6b6] Auto-update Leagues Cup: 2026-08-09 12:45
 1 file changed, 8 insertions(+)
To https://github.com/ElRiatu2/jellyfin-ligamx.git
   ce0c127..735f6b6  main -> main
Guía XMLTV (guia_leaguescup.xml) generada correctamente.
¡Push realizado a GitHub con éxito!
[Jellyfin] Esperando 5 segundos...
[Jellyfin] Solicitando refresco de canales y guía TV...
Guía XMLTV (guia_leaguescup.xml) generada correctamente.
[Jellyfin] Esperando 5 segundos...
[Jellyfin] Solicitando refresco de canales y guía TV...
[main ca7732d] Auto-update: 2026-08-09 13:15
 1 file changed, 77 insertions(+), 315 deletions(-)
 mode change 100644 => 100755 actualizar_leaguescup.py
remote: error: GH013: Repository rule violations found for refs/heads/main.        
remote: 
remote: - GITHUB PUSH PROTECTION        
remote:   —————————————————————————————————————————        
remote:     Resolve the following violations before pushing again        
remote: 
remote:     - Push cannot contain secrets        
remote: 
remote:             
remote:      (?) Learn how to resolve a blocked push        
remote:      https://docs.github.com/code-security/secret-scanning/working-with-secret-scanning-and-push-protection/working-with-push-protection-from-the-command-line#resolving-a-blocked-push        
remote:             
remote:             
remote:       —— GitHub Personal Access Token ——————————————————————        
remote:        locations:        
remote:          - commit: 21a2da20527e348c9f3607529b086aaffac64874        
remote:            path: actualizar_leaguescup.py:330        
remote:             
remote:        (?) To push, remove secret from commit(s) or follow this URL to allow the secret.        
remote:        https://github.com/ElRiatu2/jellyfin-ligamx/security/secret-scanning/unblock-secret/3HguzU6F1bve3vVE2qaAvBikFEN        
remote:             
remote: 
remote: 
To https://github.com/ElRiatu2/jellyfin-ligamx.git
 ! [remote rejected] main -> main (push declined due to repository rule violations)
error: falló el empuje de algunas referencias a 'https://github.com/ElRiatu2/jellyfin-ligamx.git'
[2026-08-09 13:15] Iniciando generación de Guía XMLTV y M3U...
Guía XMLTV (/home/alam/jellyfin_ligamx/guia_leaguescup.xml) actualizada.
Playlist M3U (/home/alam/jellyfin_ligamx/cable.m3u8) actualizada.
Error en push a jellyfin-ligamx: Command '['git', 'push', 'origin', 'main']' returned non-zero exit status 1.
¡Push de cable.m3u8 a repositorio 'cable' exitoso!
[Jellyfin] Solicitando refresco de canales y guía TV...
  -> Tarea 0c9ee3a88fc15547c6852205480da1fd iniciada correctamente.
  -> Tarea bea9b218c97bbf98c5dc1303bdb9a0ca iniciada correctamente.
[main 6fb9f05] Auto-update: 2026-08-09 13:30
 1 file changed, 37 insertions(+)
remote: error: GH013: Repository rule violations found for refs/heads/main.        
remote: 
remote: - GITHUB PUSH PROTECTION        
remote:   —————————————————————————————————————————        
remote:     Resolve the following violations before pushing again        
remote: 
remote:     - Push cannot contain secrets        
remote: 
remote:             
remote:      (?) Learn how to resolve a blocked push        
remote:      https://docs.github.com/code-security/secret-scanning/working-with-secret-scanning-and-push-protection/working-with-push-protection-from-the-command-line#resolving-a-blocked-push        
remote:             
remote:             
remote:       —— GitHub Personal Access Token ——————————————————————        
remote:        locations:        
remote:          - commit: 21a2da20527e348c9f3607529b086aaffac64874        
remote:            path: actualizar_leaguescup.py:330        
remote:             
remote:        (?) To push, remove secret from commit(s) or follow this URL to allow the secret.        
remote:        https://github.com/ElRiatu2/jellyfin-ligamx/security/secret-scanning/unblock-secret/3HguzU6F1bve3vVE2qaAvBikFEN        
remote:             
remote: 
remote: 
To https://github.com/ElRiatu2/jellyfin-ligamx.git
 ! [remote rejected] main -> main (push declined due to repository rule violations)
error: falló el empuje de algunas referencias a 'https://github.com/ElRiatu2/jellyfin-ligamx.git'
[2026-08-09 13:30] Iniciando generación de Guía XMLTV y M3U...
Guía XMLTV (/home/alam/jellyfin_ligamx/guia_leaguescup.xml) actualizada.
Playlist M3U (/home/alam/jellyfin_ligamx/cable.m3u8) actualizada.
Error en push a jellyfin-ligamx: Command '['git', 'push', 'origin', 'main']' returned non-zero exit status 1.
¡Push de cable.m3u8 a repositorio 'cable' exitoso!
[Jellyfin] Solicitando refresco de canales y guía TV...
  -> Tarea 0c9ee3a88fc15547c6852205480da1fd iniciada correctamente.
  -> Tarea bea9b218c97bbf98c5dc1303bdb9a0ca iniciada correctamente.
[main 0624d7c] Auto-update: 2026-08-09 13:45
 1 file changed, 36 insertions(+)
remote: error: GH013: Repository rule violations found for refs/heads/main.        
remote: 
remote: - GITHUB PUSH PROTECTION        
remote:   —————————————————————————————————————————        
remote:     Resolve the following violations before pushing again        
remote: 
remote:     - Push cannot contain secrets        
remote: 
remote:             
remote:      (?) Learn how to resolve a blocked push        
remote:      https://docs.github.com/code-security/secret-scanning/working-with-secret-scanning-and-push-protection/working-with-push-protection-from-the-command-line#resolving-a-blocked-push        
remote:             
remote:             
remote:       —— GitHub Personal Access Token ——————————————————————        
remote:        locations:        
remote:          - commit: 21a2da20527e348c9f3607529b086aaffac64874        
remote:            path: actualizar_leaguescup.py:330        
remote:             
remote:        (?) To push, remove secret from commit(s) or follow this URL to allow the secret.        
remote:        https://github.com/ElRiatu2/jellyfin-ligamx/security/secret-scanning/unblock-secret/3HguzU6F1bve3vVE2qaAvBikFEN        
remote:             
remote: 
remote: 
To https://github.com/ElRiatu2/jellyfin-ligamx.git
 ! [remote rejected] main -> main (push declined due to repository rule violations)
error: falló el empuje de algunas referencias a 'https://github.com/ElRiatu2/jellyfin-ligamx.git'
[2026-08-09 13:45] Iniciando generación de Guía XMLTV y M3U...
Guía XMLTV (/home/alam/jellyfin_ligamx/guia_leaguescup.xml) actualizada.
Playlist M3U (/home/alam/jellyfin_ligamx/cable.m3u8) actualizada.
Error en push a jellyfin-ligamx: Command '['git', 'push', 'origin', 'main']' returned non-zero exit status 1.
¡Push de cable.m3u8 a repositorio 'cable' exitoso!
[Jellyfin] Solicitando refresco de canales y guía TV...
  -> Tarea 0c9ee3a88fc15547c6852205480da1fd iniciada correctamente.
  -> Tarea bea9b218c97bbf98c5dc1303bdb9a0ca iniciada correctamente.
[main 8afbbd6] Auto-update: 2026-08-09 14:00
 1 file changed, 36 insertions(+)
remote: error: GH013: Repository rule violations found for refs/heads/main.        
remote: 
remote: - GITHUB PUSH PROTECTION        
remote:   —————————————————————————————————————————        
remote:     Resolve the following violations before pushing again        
remote: 
remote:     - Push cannot contain secrets        
remote: 
remote:             
remote:      (?) Learn how to resolve a blocked push        
remote:      https://docs.github.com/code-security/secret-scanning/working-with-secret-scanning-and-push-protection/working-with-push-protection-from-the-command-line#resolving-a-blocked-push        
remote:             
remote:             
remote:       —— GitHub Personal Access Token ——————————————————————        
remote:        locations:        
remote:          - commit: 21a2da20527e348c9f3607529b086aaffac64874        
remote:            path: actualizar_leaguescup.py:330        
remote:             
remote:        (?) To push, remove secret from commit(s) or follow this URL to allow the secret.        
remote:        https://github.com/ElRiatu2/jellyfin-ligamx/security/secret-scanning/unblock-secret/3HguzU6F1bve3vVE2qaAvBikFEN        
remote:             
remote: 
remote: 
To https://github.com/ElRiatu2/jellyfin-ligamx.git
 ! [remote rejected] main -> main (push declined due to repository rule violations)
error: falló el empuje de algunas referencias a 'https://github.com/ElRiatu2/jellyfin-ligamx.git'
[2026-08-09 14:00] Iniciando generación de Guía XMLTV y M3U...
Guía XMLTV (/home/alam/jellyfin_ligamx/guia_leaguescup.xml) actualizada.
Playlist M3U (/home/alam/jellyfin_ligamx/cable.m3u8) actualizada.
Error en push a jellyfin-ligamx: Command '['git', 'push', 'origin', 'main']' returned non-zero exit status 1.
¡Push de cable.m3u8 a repositorio 'cable' exitoso!
[Jellyfin] Solicitando refresco de canales y guía TV...
  -> Tarea 0c9ee3a88fc15547c6852205480da1fd iniciada correctamente.
  -> Tarea bea9b218c97bbf98c5dc1303bdb9a0ca iniciada correctamente.
[main 2e8e300] Auto-update: 2026-08-09 14:15
 1 file changed, 36 insertions(+)
remote: error: GH013: Repository rule violations found for refs/heads/main.        
remote: 
remote: - GITHUB PUSH PROTECTION        
remote:   —————————————————————————————————————————        
remote:     Resolve the following violations before pushing again        
remote: 
remote:     - Push cannot contain secrets        
remote: 
remote:             
remote:      (?) Learn how to resolve a blocked push        
remote:      https://docs.github.com/code-security/secret-scanning/working-with-secret-scanning-and-push-protection/working-with-push-protection-from-the-command-line#resolving-a-blocked-push        
remote:             
remote:             
remote:       —— GitHub Personal Access Token ——————————————————————        
remote:        locations:        
remote:          - commit: 21a2da20527e348c9f3607529b086aaffac64874        
remote:            path: actualizar_leaguescup.py:330        
remote:             
remote:        (?) To push, remove secret from commit(s) or follow this URL to allow the secret.        
remote:        https://github.com/ElRiatu2/jellyfin-ligamx/security/secret-scanning/unblock-secret/3HguzU6F1bve3vVE2qaAvBikFEN        
remote:             
remote: 
remote: 
To https://github.com/ElRiatu2/jellyfin-ligamx.git
 ! [remote rejected] main -> main (push declined due to repository rule violations)
error: falló el empuje de algunas referencias a 'https://github.com/ElRiatu2/jellyfin-ligamx.git'
[2026-08-09 14:15] Iniciando generación de Guía XMLTV y M3U...
Guía XMLTV (/home/alam/jellyfin_ligamx/guia_leaguescup.xml) actualizada.
Playlist M3U (/home/alam/jellyfin_ligamx/cable.m3u8) actualizada.
Error en push a jellyfin-ligamx: Command '['git', 'push', 'origin', 'main']' returned non-zero exit status 1.
¡Push de cable.m3u8 a repositorio 'cable' exitoso!
[Jellyfin] Solicitando refresco de canales y guía TV...
  -> Tarea 0c9ee3a88fc15547c6852205480da1fd iniciada correctamente.
  -> Tarea bea9b218c97bbf98c5dc1303bdb9a0ca iniciada correctamente.
[main 3473f29] Auto-update: 2026-08-09 14:30
 1 file changed, 36 insertions(+)
remote: error: GH013: Repository rule violations found for refs/heads/main.        
remote: 
remote: - GITHUB PUSH PROTECTION        
remote:   —————————————————————————————————————————        
remote:     Resolve the following violations before pushing again        
remote: 
remote:     - Push cannot contain secrets        
remote: 
remote:             
remote:      (?) Learn how to resolve a blocked push        
remote:      https://docs.github.com/code-security/secret-scanning/working-with-secret-scanning-and-push-protection/working-with-push-protection-from-the-command-line#resolving-a-blocked-push        
remote:             
remote:             
remote:       —— GitHub Personal Access Token ——————————————————————        
remote:        locations:        
remote:          - commit: 21a2da20527e348c9f3607529b086aaffac64874        
remote:            path: actualizar_leaguescup.py:330        
remote:             
remote:        (?) To push, remove secret from commit(s) or follow this URL to allow the secret.        
remote:        https://github.com/ElRiatu2/jellyfin-ligamx/security/secret-scanning/unblock-secret/3HguzU6F1bve3vVE2qaAvBikFEN        
remote:             
remote: 
remote: 
To https://github.com/ElRiatu2/jellyfin-ligamx.git
 ! [remote rejected] main -> main (push declined due to repository rule violations)
error: falló el empuje de algunas referencias a 'https://github.com/ElRiatu2/jellyfin-ligamx.git'
[2026-08-09 14:30] Iniciando generación de Guía XMLTV y M3U...
Guía XMLTV (/home/alam/jellyfin_ligamx/guia_leaguescup.xml) actualizada.
Playlist M3U (/home/alam/jellyfin_ligamx/cable.m3u8) actualizada.
Error en push a jellyfin-ligamx: Command '['git', 'push', 'origin', 'main']' returned non-zero exit status 1.
¡Push de cable.m3u8 a repositorio 'cable' exitoso!
[Jellyfin] Solicitando refresco de canales y guía TV...
  -> Tarea 0c9ee3a88fc15547c6852205480da1fd iniciada correctamente.
  -> Tarea bea9b218c97bbf98c5dc1303bdb9a0ca iniciada correctamente.
[main ee13179] Auto-update: 2026-08-09 14:45
 1 file changed, 36 insertions(+)
remote: error: GH013: Repository rule violations found for refs/heads/main.        
remote: 
remote: - GITHUB PUSH PROTECTION        
remote:   —————————————————————————————————————————        
remote:     Resolve the following violations before pushing again        
remote: 
remote:     - Push cannot contain secrets        
remote: 
remote:             
remote:      (?) Learn how to resolve a blocked push        
remote:      https://docs.github.com/code-security/secret-scanning/working-with-secret-scanning-and-push-protection/working-with-push-protection-from-the-command-line#resolving-a-blocked-push        
remote:             
remote:             
remote:       —— GitHub Personal Access Token ——————————————————————        
remote:        locations:        
remote:          - commit: 21a2da20527e348c9f3607529b086aaffac64874        
remote:            path: actualizar_leaguescup.py:330        
remote:             
remote:        (?) To push, remove secret from commit(s) or follow this URL to allow the secret.        
remote:        https://github.com/ElRiatu2/jellyfin-ligamx/security/secret-scanning/unblock-secret/3HguzU6F1bve3vVE2qaAvBikFEN        
remote:             
remote: 
remote: 
To https://github.com/ElRiatu2/jellyfin-ligamx.git
 ! [remote rejected] main -> main (push declined due to repository rule violations)
error: falló el empuje de algunas referencias a 'https://github.com/ElRiatu2/jellyfin-ligamx.git'
[2026-08-09 14:45] Iniciando generación de Guía XMLTV y M3U...
Guía XMLTV (/home/alam/jellyfin_ligamx/guia_leaguescup.xml) actualizada.
Playlist M3U (/home/alam/jellyfin_ligamx/cable.m3u8) actualizada.
Error en push a jellyfin-ligamx: Command '['git', 'push', 'origin', 'main']' returned non-zero exit status 1.
¡Push de cable.m3u8 a repositorio 'cable' exitoso!
[Jellyfin] Solicitando refresco de canales y guía TV...
  -> Tarea 0c9ee3a88fc15547c6852205480da1fd iniciada correctamente.
  -> Tarea bea9b218c97bbf98c5dc1303bdb9a0ca iniciada correctamente.
[main 3ba6590] Auto-update: 2026-08-09 15:00
 1 file changed, 36 insertions(+)
remote: error: GH013: Repository rule violations found for refs/heads/main.        
remote: 
remote: - GITHUB PUSH PROTECTION        
remote:   —————————————————————————————————————————        
remote:     Resolve the following violations before pushing again        
remote: 
remote:     - Push cannot contain secrets        
remote: 
remote:             
remote:      (?) Learn how to resolve a blocked push        
remote:      https://docs.github.com/code-security/secret-scanning/working-with-secret-scanning-and-push-protection/working-with-push-protection-from-the-command-line#resolving-a-blocked-push        
remote:             
remote:             
remote:       —— GitHub Personal Access Token ——————————————————————        
remote:        locations:        
remote:          - commit: 21a2da20527e348c9f3607529b086aaffac64874        
remote:            path: actualizar_leaguescup.py:330        
remote:             
remote:        (?) To push, remove secret from commit(s) or follow this URL to allow the secret.        
remote:        https://github.com/ElRiatu2/jellyfin-ligamx/security/secret-scanning/unblock-secret/3HguzU6F1bve3vVE2qaAvBikFEN        
remote:             
remote: 
remote: 
To https://github.com/ElRiatu2/jellyfin-ligamx.git
 ! [remote rejected] main -> main (push declined due to repository rule violations)
error: falló el empuje de algunas referencias a 'https://github.com/ElRiatu2/jellyfin-ligamx.git'
[2026-08-09 15:00] Iniciando generación de Guía XMLTV y M3U...
Guía XMLTV (/home/alam/jellyfin_ligamx/guia_leaguescup.xml) actualizada.
Playlist M3U (/home/alam/jellyfin_ligamx/cable.m3u8) actualizada.
Error en push a jellyfin-ligamx: Command '['git', 'push', 'origin', 'main']' returned non-zero exit status 1.
¡Push de cable.m3u8 a repositorio 'cable' exitoso!
[Jellyfin] Solicitando refresco de canales y guía TV...
  -> Tarea 0c9ee3a88fc15547c6852205480da1fd iniciada correctamente.
  -> Tarea bea9b218c97bbf98c5dc1303bdb9a0ca iniciada correctamente.
[main 77c09f1] Auto-update: 2026-08-09 15:15
 1 file changed, 36 insertions(+)
remote: error: GH013: Repository rule violations found for refs/heads/main.        
remote: 
remote: - GITHUB PUSH PROTECTION        
remote:   —————————————————————————————————————————        
remote:     Resolve the following violations before pushing again        
remote: 
remote:     - Push cannot contain secrets        
remote: 
remote:             
remote:      (?) Learn how to resolve a blocked push        
remote:      https://docs.github.com/code-security/secret-scanning/working-with-secret-scanning-and-push-protection/working-with-push-protection-from-the-command-line#resolving-a-blocked-push        
remote:             
remote:             
remote:       —— GitHub Personal Access Token ——————————————————————        
remote:        locations:        
remote:          - commit: 21a2da20527e348c9f3607529b086aaffac64874        
remote:            path: actualizar_leaguescup.py:330        
remote:             
remote:        (?) To push, remove secret from commit(s) or follow this URL to allow the secret.        
remote:        https://github.com/ElRiatu2/jellyfin-ligamx/security/secret-scanning/unblock-secret/3HguzU6F1bve3vVE2qaAvBikFEN        
remote:             
remote: 
remote: 
To https://github.com/ElRiatu2/jellyfin-ligamx.git
 ! [remote rejected] main -> main (push declined due to repository rule violations)
error: falló el empuje de algunas referencias a 'https://github.com/ElRiatu2/jellyfin-ligamx.git'
[2026-08-09 15:15] Iniciando generación de Guía XMLTV y M3U...
Guía XMLTV (/home/alam/jellyfin_ligamx/guia_leaguescup.xml) actualizada.
Playlist M3U (/home/alam/jellyfin_ligamx/cable.m3u8) actualizada.
Error en push a jellyfin-ligamx: Command '['git', 'push', 'origin', 'main']' returned non-zero exit status 1.
¡Push de cable.m3u8 a repositorio 'cable' exitoso!
[Jellyfin] Solicitando refresco de canales y guía TV...
  -> Tarea 0c9ee3a88fc15547c6852205480da1fd iniciada correctamente.
  -> Tarea bea9b218c97bbf98c5dc1303bdb9a0ca iniciada correctamente.
[main b3af8fa] Auto-update: 2026-08-09 15:30
 1 file changed, 36 insertions(+)
remote: error: GH013: Repository rule violations found for refs/heads/main.        
remote: 
remote: - GITHUB PUSH PROTECTION        
remote:   —————————————————————————————————————————        
remote:     Resolve the following violations before pushing again        
remote: 
remote:     - Push cannot contain secrets        
remote: 
remote:             
remote:      (?) Learn how to resolve a blocked push        
remote:      https://docs.github.com/code-security/secret-scanning/working-with-secret-scanning-and-push-protection/working-with-push-protection-from-the-command-line#resolving-a-blocked-push        
remote:             
remote:             
remote:       —— GitHub Personal Access Token ——————————————————————        
remote:        locations:        
remote:          - commit: 21a2da20527e348c9f3607529b086aaffac64874        
remote:            path: actualizar_leaguescup.py:330        
remote:             
remote:        (?) To push, remove secret from commit(s) or follow this URL to allow the secret.        
remote:        https://github.com/ElRiatu2/jellyfin-ligamx/security/secret-scanning/unblock-secret/3HguzU6F1bve3vVE2qaAvBikFEN        
remote:             
remote: 
remote: 
To https://github.com/ElRiatu2/jellyfin-ligamx.git
 ! [remote rejected] main -> main (push declined due to repository rule violations)
error: falló el empuje de algunas referencias a 'https://github.com/ElRiatu2/jellyfin-ligamx.git'
[2026-08-09 15:30] Iniciando generación de Guía XMLTV y M3U...
Guía XMLTV (/home/alam/jellyfin_ligamx/guia_leaguescup.xml) actualizada.
Playlist M3U (/home/alam/jellyfin_ligamx/cable.m3u8) actualizada.
Error en push a jellyfin-ligamx: Command '['git', 'push', 'origin', 'main']' returned non-zero exit status 1.
¡Push de cable.m3u8 a repositorio 'cable' exitoso!
[Jellyfin] Solicitando refresco de canales y guía TV...
  -> Tarea 0c9ee3a88fc15547c6852205480da1fd iniciada correctamente.
  -> Tarea bea9b218c97bbf98c5dc1303bdb9a0ca iniciada correctamente.
[main d50c908] Auto-update: 2026-08-09 15:45
 1 file changed, 36 insertions(+)
remote: error: GH013: Repository rule violations found for refs/heads/main.        
remote: 
remote: - GITHUB PUSH PROTECTION        
remote:   —————————————————————————————————————————        
remote:     Resolve the following violations before pushing again        
remote: 
remote:     - Push cannot contain secrets        
remote: 
remote:             
remote:      (?) Learn how to resolve a blocked push        
remote:      https://docs.github.com/code-security/secret-scanning/working-with-secret-scanning-and-push-protection/working-with-push-protection-from-the-command-line#resolving-a-blocked-push        
remote:             
remote:             
remote:       —— GitHub Personal Access Token ——————————————————————        
remote:        locations:        
remote:          - commit: 21a2da20527e348c9f3607529b086aaffac64874        
remote:            path: actualizar_leaguescup.py:330        
remote:             
remote:        (?) To push, remove secret from commit(s) or follow this URL to allow the secret.        
remote:        https://github.com/ElRiatu2/jellyfin-ligamx/security/secret-scanning/unblock-secret/3HguzU6F1bve3vVE2qaAvBikFEN        
remote:             
remote: 
remote: 
To https://github.com/ElRiatu2/jellyfin-ligamx.git
 ! [remote rejected] main -> main (push declined due to repository rule violations)
error: falló el empuje de algunas referencias a 'https://github.com/ElRiatu2/jellyfin-ligamx.git'
[2026-08-09 15:45] Iniciando generación de Guía XMLTV y M3U...
Guía XMLTV (/home/alam/jellyfin_ligamx/guia_leaguescup.xml) actualizada.
Playlist M3U (/home/alam/jellyfin_ligamx/cable.m3u8) actualizada.
Error en push a jellyfin-ligamx: Command '['git', 'push', 'origin', 'main']' returned non-zero exit status 1.
¡Push de cable.m3u8 a repositorio 'cable' exitoso!
[Jellyfin] Solicitando refresco de canales y guía TV...
  -> Tarea 0c9ee3a88fc15547c6852205480da1fd iniciada correctamente.
  -> Tarea bea9b218c97bbf98c5dc1303bdb9a0ca iniciada correctamente.
[main f918f2c] Auto-update: 2026-08-09 16:00
 1 file changed, 36 insertions(+)
remote: error: GH013: Repository rule violations found for refs/heads/main.        
remote: 
remote: - GITHUB PUSH PROTECTION        
remote:   —————————————————————————————————————————        
remote:     Resolve the following violations before pushing again        
remote: 
remote:     - Push cannot contain secrets        
remote: 
remote:             
remote:      (?) Learn how to resolve a blocked push        
remote:      https://docs.github.com/code-security/secret-scanning/working-with-secret-scanning-and-push-protection/working-with-push-protection-from-the-command-line#resolving-a-blocked-push        
remote:             
remote:             
remote:       —— GitHub Personal Access Token ——————————————————————        
remote:        locations:        
remote:          - commit: 21a2da20527e348c9f3607529b086aaffac64874        
remote:            path: actualizar_leaguescup.py:330        
remote:             
remote:        (?) To push, remove secret from commit(s) or follow this URL to allow the secret.        
remote:        https://github.com/ElRiatu2/jellyfin-ligamx/security/secret-scanning/unblock-secret/3HguzU6F1bve3vVE2qaAvBikFEN        
remote:             
remote: 
remote: 
To https://github.com/ElRiatu2/jellyfin-ligamx.git
 ! [remote rejected] main -> main (push declined due to repository rule violations)
error: falló el empuje de algunas referencias a 'https://github.com/ElRiatu2/jellyfin-ligamx.git'
[2026-08-09 16:00] Iniciando generación de Guía XMLTV y M3U...
Guía XMLTV (/home/alam/jellyfin_ligamx/guia_leaguescup.xml) actualizada.
Playlist M3U (/home/alam/jellyfin_ligamx/cable.m3u8) actualizada.
Error en push a jellyfin-ligamx: Command '['git', 'push', 'origin', 'main']' returned non-zero exit status 1.
¡Push de cable.m3u8 a repositorio 'cable' exitoso!
[Jellyfin] Solicitando refresco de canales y guía TV...
  -> Tarea 0c9ee3a88fc15547c6852205480da1fd iniciada correctamente.
  -> Tarea bea9b218c97bbf98c5dc1303bdb9a0ca iniciada correctamente.
[main d85b972] Auto-update: 2026-08-09 16:15
 1 file changed, 36 insertions(+)
remote: error: GH013: Repository rule violations found for refs/heads/main.        
remote: 
remote: - GITHUB PUSH PROTECTION        
remote:   —————————————————————————————————————————        
remote:     Resolve the following violations before pushing again        
remote: 
remote:     - Push cannot contain secrets        
remote: 
remote:             
remote:      (?) Learn how to resolve a blocked push        
remote:      https://docs.github.com/code-security/secret-scanning/working-with-secret-scanning-and-push-protection/working-with-push-protection-from-the-command-line#resolving-a-blocked-push        
remote:             
remote:             
remote:       —— GitHub Personal Access Token ——————————————————————        
remote:        locations:        
remote:          - commit: 21a2da20527e348c9f3607529b086aaffac64874        
remote:            path: actualizar_leaguescup.py:330        
remote:             
remote:        (?) To push, remove secret from commit(s) or follow this URL to allow the secret.        
remote:        https://github.com/ElRiatu2/jellyfin-ligamx/security/secret-scanning/unblock-secret/3HguzU6F1bve3vVE2qaAvBikFEN        
remote:             
remote: 
remote: 
To https://github.com/ElRiatu2/jellyfin-ligamx.git
 ! [remote rejected] main -> main (push declined due to repository rule violations)
error: falló el empuje de algunas referencias a 'https://github.com/ElRiatu2/jellyfin-ligamx.git'
[2026-08-09 16:15] Iniciando generación de Guía XMLTV y M3U...
Guía XMLTV (/home/alam/jellyfin_ligamx/guia_leaguescup.xml) actualizada.
Playlist M3U (/home/alam/jellyfin_ligamx/cable.m3u8) actualizada.
Error en push a jellyfin-ligamx: Command '['git', 'push', 'origin', 'main']' returned non-zero exit status 1.
¡Push de cable.m3u8 a repositorio 'cable' exitoso!
[Jellyfin] Solicitando refresco de canales y guía TV...
  -> Tarea 0c9ee3a88fc15547c6852205480da1fd iniciada correctamente.
  -> Tarea bea9b218c97bbf98c5dc1303bdb9a0ca iniciada correctamente.
En la rama main
Tu rama está actualizada con 'origin/main'.

nada para hacer commit, el árbol de trabajo está limpio
Everything up-to-date
[2026-08-09 16:30] Iniciando generación de Guía XMLTV y M3U...
Guía XMLTV (/home/alam/jellyfin_ligamx/guia_leaguescup.xml) actualizada.
Playlist M3U (/home/alam/jellyfin_ligamx/cable.m3u8) actualizada.
¡Push a repositorio 'jellyfin-ligamx' exitoso!
¡Push de cable.m3u8 a repositorio 'cable' exitoso!
[Jellyfin] Solicitando refresco de canales y guía TV...
  -> Tarea 0c9ee3a88fc15547c6852205480da1fd iniciada correctamente.
  -> Tarea bea9b218c97bbf98c5dc1303bdb9a0ca iniciada correctamente.
[main 8ae1a36] Auto-update: 2026-08-09 16:45
 1 file changed, 13 insertions(+)
To https://github.com/ElRiatu2/jellyfin-ligamx.git
   529e7c1..8ae1a36  main -> main
[2026-08-09 16:45] Iniciando generación de Guía XMLTV y M3U...
Guía XMLTV (/home/alam/jellyfin_ligamx/guia_leaguescup.xml) actualizada.
Playlist M3U (/home/alam/jellyfin_ligamx/cable.m3u8) actualizada.
¡Push a repositorio 'jellyfin-ligamx' exitoso!
¡Push de cable.m3u8 a repositorio 'cable' exitoso!
[Jellyfin] Solicitando refresco de canales y guía TV...
  -> Tarea 0c9ee3a88fc15547c6852205480da1fd iniciada correctamente.
  -> Tarea bea9b218c97bbf98c5dc1303bdb9a0ca iniciada correctamente.
[main c5e0f47] Auto-update: 2026-08-09 17:00
 1 file changed, 12 insertions(+)
To https://github.com/ElRiatu2/jellyfin-ligamx.git
   8ae1a36..c5e0f47  main -> main
[2026-08-09 17:00] Iniciando generación de Guía XMLTV y M3U...
Guía XMLTV (/home/alam/jellyfin_ligamx/guia_leaguescup.xml) actualizada.
Playlist M3U (/home/alam/jellyfin_ligamx/cable.m3u8) actualizada.
¡Push a repositorio 'jellyfin-ligamx' exitoso!
¡Push de cable.m3u8 a repositorio 'cable' exitoso!
[Jellyfin] Solicitando refresco de canales y guía TV...
  -> Tarea 0c9ee3a88fc15547c6852205480da1fd iniciada correctamente.
  -> Tarea bea9b218c97bbf98c5dc1303bdb9a0ca iniciada correctamente.
[main afeeb9a] Auto-update: 2026-08-09 17:15
 1 file changed, 12 insertions(+)
To https://github.com/ElRiatu2/jellyfin-ligamx.git
   c5e0f47..afeeb9a  main -> main
[2026-08-09 17:15] Iniciando generación de Guía XMLTV y M3U...
Guía XMLTV (/home/alam/jellyfin_ligamx/guia_leaguescup.xml) actualizada.
Playlist M3U (/home/alam/jellyfin_ligamx/cable.m3u8) actualizada.
¡Push a repositorio 'jellyfin-ligamx' exitoso!
¡Push de cable.m3u8 a repositorio 'cable' exitoso!
[Jellyfin] Solicitando refresco de canales y guía TV...
  -> Tarea 0c9ee3a88fc15547c6852205480da1fd iniciada correctamente.
  -> Tarea bea9b218c97bbf98c5dc1303bdb9a0ca iniciada correctamente.
[main ba0aca6] Auto-update: 2026-08-09 17:30
 1 file changed, 12 insertions(+)
To https://github.com/ElRiatu2/jellyfin-ligamx.git
   afeeb9a..ba0aca6  main -> main
[2026-08-09 17:30] Iniciando generación de Guía XMLTV y M3U...
Guía XMLTV (/home/alam/jellyfin_ligamx/guia_leaguescup.xml) actualizada.
Playlist M3U (/home/alam/jellyfin_ligamx/cable.m3u8) actualizada.
¡Push a repositorio 'jellyfin-ligamx' exitoso!
¡Push de cable.m3u8 a repositorio 'cable' exitoso!
[Jellyfin] Solicitando refresco de canales y guía TV...
  -> Tarea 0c9ee3a88fc15547c6852205480da1fd iniciada correctamente.
  -> Tarea bea9b218c97bbf98c5dc1303bdb9a0ca iniciada correctamente.
[main 95c235c] Auto-update: 2026-08-09 17:45
 1 file changed, 12 insertions(+)
To https://github.com/ElRiatu2/jellyfin-ligamx.git
   ba0aca6..95c235c  main -> main
[2026-08-09 17:45] Iniciando generación de Guía XMLTV y M3U...
Guía XMLTV (/home/alam/jellyfin_ligamx/guia_leaguescup.xml) actualizada.
Playlist M3U (/home/alam/jellyfin_ligamx/cable.m3u8) actualizada.
¡Push a repositorio 'jellyfin-ligamx' exitoso!
¡Push de cable.m3u8 a repositorio 'cable' exitoso!
[Jellyfin] Solicitando refresco de canales y guía TV...
  -> Tarea 0c9ee3a88fc15547c6852205480da1fd iniciada correctamente.
  -> Tarea bea9b218c97bbf98c5dc1303bdb9a0ca iniciada correctamente.
[main 7eb1746] Auto-update: 2026-08-09 18:00
 1 file changed, 12 insertions(+)
To https://github.com/ElRiatu2/jellyfin-ligamx.git
   95c235c..7eb1746  main -> main
[2026-08-09 18:00] Iniciando generación de Guía XMLTV y M3U...
Guía XMLTV (/home/alam/jellyfin_ligamx/guia_leaguescup.xml) actualizada.
Playlist M3U (/home/alam/jellyfin_ligamx/cable.m3u8) actualizada.
¡Push a repositorio 'jellyfin-ligamx' exitoso!
¡Push de cable.m3u8 a repositorio 'cable' exitoso!
[Jellyfin] Solicitando refresco de canales y guía TV...
  -> Tarea 0c9ee3a88fc15547c6852205480da1fd iniciada correctamente.
  -> Tarea bea9b218c97bbf98c5dc1303bdb9a0ca iniciada correctamente.
[main 6afaf32] Auto-update: 2026-08-09 18:15
 1 file changed, 12 insertions(+)
To https://github.com/ElRiatu2/jellyfin-ligamx.git
   7eb1746..6afaf32  main -> main
[2026-08-09 18:15] Iniciando generación de Guía XMLTV y M3U...
Guía XMLTV (/home/alam/jellyfin_ligamx/guia_leaguescup.xml) actualizada.
Playlist M3U (/home/alam/jellyfin_ligamx/cable.m3u8) actualizada.
¡Push a repositorio 'jellyfin-ligamx' exitoso!
¡Push de cable.m3u8 a repositorio 'cable' exitoso!
[Jellyfin] Solicitando refresco de canales y guía TV...
  -> Tarea 0c9ee3a88fc15547c6852205480da1fd iniciada correctamente.
  -> Tarea bea9b218c97bbf98c5dc1303bdb9a0ca iniciada correctamente.
[main 4319262] Auto-update: 2026-08-09 18:30
 1 file changed, 12 insertions(+)
To https://github.com/ElRiatu2/jellyfin-ligamx.git
   6afaf32..4319262  main -> main
[2026-08-09 18:30] Iniciando generación de Guía XMLTV y M3U...
Guía XMLTV (/home/alam/jellyfin_ligamx/guia_leaguescup.xml) actualizada.
Playlist M3U (/home/alam/jellyfin_ligamx/cable.m3u8) actualizada.
¡Push a repositorio 'jellyfin-ligamx' exitoso!
¡Push de cable.m3u8 a repositorio 'cable' exitoso!
[Jellyfin] Solicitando refresco de canales y guía TV...
  -> Tarea 0c9ee3a88fc15547c6852205480da1fd iniciada correctamente.
  -> Tarea bea9b218c97bbf98c5dc1303bdb9a0ca iniciada correctamente.
